<?xml version="1.0" encoding="utf-8"?>
<TestRun id="3691c5cb-e49f-4298-906a-eadaff567b8d" name="Alucard30Dec@ALUCARD 2026-04-10 18:10:54" runUser="ALUCARD\Alucard30Dec" xmlns="http://microsoft.com/schemas/VisualStudio/TeamTest/2010">
  <Times creation="2026-04-10T18:10:54.7670371+07:00" queuing="2026-04-10T18:10:54.7670375+07:00" start="2026-04-10T18:10:43.6082967+07:00" finish="2026-04-10T18:10:54.7719020+07:00" />
  <TestSettings name="default" id="cd978fe7-4000-43e1-b0de-ce74989eb617">
    <Deployment runDeploymentRoot="Alucard30Dec_ALUCARD_2026-04-10_18_10_54" />
  </TestSettings>
  <Results>
    <UnitTestResult executionId="7e0374d7-45b0-4416-847b-54c31666409f" testId="57b10e4f-d750-19b8-1c27-6be2cc8641c5" testName="OSMS.UITests.Tests.AdditionalCrudCoverageTests.CreateSupplierSucceedsWithValidInformation" computerName="ALUCARD" duration="00:00:10.3778276" startTime="2026-04-10T18:10:54.6701870+07:00" endTime="2026-04-10T18:10:54.6702132+07:00" testType="13cdc9d9-ddb5-4fa4-a97d-d965ccfc6d4b" outcome="Passed" testListId="8c84fa94-04c1-424b-9868-57a2d4851a1d" relativeResultsDirectory="7e0374d7-45b0-4416-847b-54c31666409f" />
  </Results>
  <TestDefinitions>
    <UnitTest name="OSMS.UITests.Tests.AdditionalCrudCoverageTests.CreateSupplierSucceedsWithValidInformation" storage="e:\project\online-sales-management-system\report test subject\powered by gpt\testscript-data\automation\ui\osms.uitests\bin\debug\net8.0\osms.uitests.dll" id="57b10e4f-d750-19b8-1c27-6be2cc8641c5">
      <Execution id="7e0374d7-45b0-4416-847b-54c31666409f" />
      <TestMethod codeBase="E:\Project\Online-Sales-Management-System\Report Test subject\Powered by GPT\TestScript-Data\Automation\ui\OSMS.UITests\bin\Debug\net8.0\OSMS.UITests.dll" adapterTypeName="executor://xunit/VsTestRunner2/netcoreapp" className="OSMS.UITests.Tests.AdditionalCrudCoverageTests" name="CreateSupplierSucceedsWithValidInformation" />
    </UnitTest>
  </TestDefinitions>
  <TestEntries>
    <TestEntry testId="57b10e4f-d750-19b8-1c27-6be2cc8641c5" executionId="7e0374d7-45b0-4416-847b-54c31666409f" testListId="8c84fa94-04c1-424b-9868-57a2d4851a1d" />
  </TestEntries>
  <TestLists>
    <TestList name="Results Not in a List" id="8c84fa94-04c1-424b-9868-57a2d4851a1d" />
    <TestList name="All Loaded Results" id="19431567-8539-422a-85d7-44ee4e166bda" />
  </TestLists>
  <ResultSummary outcome="Completed">
    <Counters total="1" executed="1" passed="1" failed="0" error="0" timeout="0" aborted="0" inconclusive="0" passedButRunAborted="0" notRunnable="0" notExecuted="0" disconnected="0" warning="0" completed="0" inProgress="0" pending="0" />
    <Output>
      <StdOut>[xUnit.net 00:00:00.00] xUnit.net VSTest Adapter v2.5.3.1+6b60a9e56a (64-bit .NET 8.0.22)&#xD;
[xUnit.net 00:00:00.10]   Discovering: OSMS.UITests&#xD;
[xUnit.net 00:00:00.16]   Discovered:  OSMS.UITests&#xD;
[xUnit.net 00:00:00.16]   Starting:    OSMS.UITests&#xD;
[xUnit.net 00:00:10.59]   Finished:    OSMS.UITests&#xD;
</StdOut>
    </Output>
  </ResultSummary>
</TestRun>