<?xml version="1.0" encoding="utf-8"?>
<TestRun id="c2f4400e-6bcb-46e3-bfb5-9f3448ef9f87" name="Alucard30Dec@ALUCARD 2026-04-11 21:35:40" runUser="ALUCARD\Alucard30Dec" xmlns="http://microsoft.com/schemas/VisualStudio/TeamTest/2010">
  <Times creation="2026-04-11T21:35:41.0000582+07:00" queuing="2026-04-11T21:35:41.0000585+07:00" start="2026-04-11T21:35:23.5648184+07:00" finish="2026-04-11T21:35:41.0071155+07:00" />
  <TestSettings name="default" id="759fc7fe-53fe-46ca-9a18-abb64d491426">
    <Deployment runDeploymentRoot="Alucard30Dec_ALUCARD_2026-04-11_21_35_40" />
  </TestSettings>
  <Results>
    <UnitTestResult executionId="f42512e3-c239-4463-8549-f72bb5828145" testId="affb5d40-3b17-f546-f25c-872ce43c20e3" testName="OSMS.UITests.Tests.PurchaseProductImportCoverageTests.ProductImportConfirmImportsValidPreviewRows" computerName="ALUCARD" duration="00:00:16.5072141" startTime="2026-04-11T21:35:40.8935131+07:00" endTime="2026-04-11T21:35:40.8935389+07:00" testType="13cdc9d9-ddb5-4fa4-a97d-d965ccfc6d4b" outcome="Failed" testListId="8c84fa94-04c1-424b-9868-57a2d4851a1d" relativeResultsDirectory="f42512e3-c239-4463-8549-f72bb5828145">
      <Output>
        <ErrorInfo>
          <Message>Expected the valid preview rows to import successfully, but the system returned to the import page with a failure message.</Message>
          <StackTrace>   at OSMS.UITests.Tests.PurchaseProductImportCoverageTests.&lt;ProductImportConfirmImportsValidPreviewRows&gt;b__7_0() in E:\Project\Online-Sales-Management-System\Report Test subject\Powered by GPT\TestScript-Data\Automation\ui\OSMS.UITests\Tests\PurchaseProductImportCoverageTests.cs:line 239&#xD;
   at OSMS.UITests.Support.UiTestBase.ExecuteWithFailureCapture(String name, Action action) in E:\Project\Online-Sales-Management-System\Report Test subject\Powered by GPT\TestScript-Data\Automation\ui\OSMS.UITests\Support\UiTestBase.cs:line 46&#xD;
   at OSMS.UITests.Tests.PurchaseProductImportCoverageTests.ProductImportConfirmImportsValidPreviewRows() in E:\Project\Online-Sales-Management-System\Report Test subject\Powered by GPT\TestScript-Data\Automation\ui\OSMS.UITests\Tests\PurchaseProductImportCoverageTests.cs:line 222&#xD;
   at System.RuntimeMethodHandle.InvokeMethod(Object target, Void** arguments, Signature sig, Boolean isConstructor)&#xD;
   at System.Reflection.MethodBaseInvoker.InvokeWithNoArgs(Object obj, BindingFlags invokeAttr)</StackTrace>
        </ErrorInfo>
      </Output>
    </UnitTestResult>
  </Results>
  <TestDefinitions>
    <UnitTest name="OSMS.UITests.Tests.PurchaseProductImportCoverageTests.ProductImportConfirmImportsValidPreviewRows" storage="e:\project\online-sales-management-system\report test subject\powered by gpt\testscript-data\automation\ui\osms.uitests\bin\debug\net8.0\osms.uitests.dll" id="affb5d40-3b17-f546-f25c-872ce43c20e3">
      <Execution id="f42512e3-c239-4463-8549-f72bb5828145" />
      <TestMethod codeBase="E:\Project\Online-Sales-Management-System\Report Test subject\Powered by GPT\TestScript-Data\Automation\ui\OSMS.UITests\bin\Debug\net8.0\OSMS.UITests.dll" adapterTypeName="executor://xunit/VsTestRunner2/netcoreapp" className="OSMS.UITests.Tests.PurchaseProductImportCoverageTests" name="ProductImportConfirmImportsValidPreviewRows" />
    </UnitTest>
  </TestDefinitions>
  <TestEntries>
    <TestEntry testId="affb5d40-3b17-f546-f25c-872ce43c20e3" executionId="f42512e3-c239-4463-8549-f72bb5828145" testListId="8c84fa94-04c1-424b-9868-57a2d4851a1d" />
  </TestEntries>
  <TestLists>
    <TestList name="Results Not in a List" id="8c84fa94-04c1-424b-9868-57a2d4851a1d" />
    <TestList name="All Loaded Results" id="19431567-8539-422a-85d7-44ee4e166bda" />
  </TestLists>
  <ResultSummary outcome="Failed">
    <Counters total="1" executed="1" passed="0" failed="1" error="0" timeout="0" aborted="0" inconclusive="0" passedButRunAborted="0" notRunnable="0" notExecuted="0" disconnected="0" warning="0" completed="0" inProgress="0" pending="0" />
    <Output>
      <StdOut>[xUnit.net 00:00:00.00] xUnit.net VSTest Adapter v2.5.3.1+6b60a9e56a (64-bit .NET 8.0.22)&#xD;
[xUnit.net 00:00:00.11]   Discovering: OSMS.UITests&#xD;
[xUnit.net 00:00:00.18]   Discovered:  OSMS.UITests&#xD;
[xUnit.net 00:00:00.19]   Starting:    OSMS.UITests&#xD;
[xUnit.net 00:00:16.76]       Expected the valid preview rows to import successfully, but the system returned to the import page with a failure message.&#xD;
[xUnit.net 00:00:16.76]       Stack Trace:&#xD;
[xUnit.net 00:00:16.76]         E:\Project\Online-Sales-Management-System\Report Test subject\Powered by GPT\TestScript-Data\Automation\ui\OSMS.UITests\Tests\PurchaseProductImportCoverageTests.cs(239,0): at OSMS.UITests.Tests.PurchaseProductImportCoverageTests.&lt;ProductImportConfirmImportsValidPreviewRows&gt;b__7_0()&#xD;
[xUnit.net 00:00:16.76]         E:\Project\Online-Sales-Management-System\Report Test subject\Powered by GPT\TestScript-Data\Automation\ui\OSMS.UITests\Support\UiTestBase.cs(46,0): at OSMS.UITests.Support.UiTestBase.ExecuteWithFailureCapture(String name, Action action)&#xD;
[xUnit.net 00:00:16.76]         E:\Project\Online-Sales-Management-System\Report Test subject\Powered by GPT\TestScript-Data\Automation\ui\OSMS.UITests\Tests\PurchaseProductImportCoverageTests.cs(222,0): at OSMS.UITests.Tests.PurchaseProductImportCoverageTests.ProductImportConfirmImportsValidPreviewRows()&#xD;
[xUnit.net 00:00:16.76]            at System.RuntimeMethodHandle.InvokeMethod(Object target, Void** arguments, Signature sig, Boolean isConstructor)&#xD;
[xUnit.net 00:00:16.76]            at System.Reflection.MethodBaseInvoker.InvokeWithNoArgs(Object obj, BindingFlags invokeAttr)&#xD;
[xUnit.net 00:00:16.77]   Finished:    OSMS.UITests&#xD;
</StdOut>
    </Output>
    <RunInfos>
      <RunInfo computerName="ALUCARD" outcome="Error" timestamp="2026-04-11T21:35:40.8907704+07:00">
        <Text>[xUnit.net 00:00:16.76]     OSMS.UITests.Tests.PurchaseProductImportCoverageTests.ProductImportConfirmImportsValidPreviewRows [FAIL]</Text>
      </RunInfo>
    </RunInfos>
  </ResultSummary>
</TestRun>