<?xml version="1.0" encoding="utf-8"?>
<TestRun id="39585757-eb41-4b07-a57b-2dd40b74ed77" name="Alucard30Dec@ALUCARD 2026-04-10 18:32:15" runUser="ALUCARD\Alucard30Dec" xmlns="http://microsoft.com/schemas/VisualStudio/TeamTest/2010">
  <Times creation="2026-04-10T18:32:15.1033392+07:00" queuing="2026-04-10T18:32:15.1033396+07:00" start="2026-04-10T18:32:04.9226565+07:00" finish="2026-04-10T18:34:08.8737529+07:00" />
  <TestSettings name="default" id="6f9e4ac9-7365-4832-abcd-0c376692ef78">
    <Deployment runDeploymentRoot="Alucard30Dec_ALUCARD_2026-04-10_18_32_15" />
  </TestSettings>
  <Results>
    <UnitTestResult executionId="bb50e6ab-7315-44cf-8f00-c5865aa45574" testId="20fbf63a-28eb-e0a6-671f-ef546869e2eb" testName="OSMS.UITests.Tests.PurchaseProductImportCoverageTests.ProductCreateRejectsMissingName" computerName="ALUCARD" duration="00:00:25.0549573" startTime="2026-04-10T18:32:48.4174740+07:00" endTime="2026-04-10T18:32:48.4174743+07:00" testType="13cdc9d9-ddb5-4fa4-a97d-d965ccfc6d4b" outcome="Failed" testListId="8c84fa94-04c1-424b-9868-57a2d4851a1d" relativeResultsDirectory="bb50e6ab-7315-44cf-8f00-c5865aa45574">
      <Output>
        <ErrorInfo>
          <Message>OpenQA.Selenium.WebDriverTimeoutException : Timed out after 15 seconds</Message>
          <StackTrace>   at OpenQA.Selenium.Support.UI.DefaultWait`1.ThrowTimeoutException(String exceptionMessage, Exception lastException)&#xD;
   at OpenQA.Selenium.Support.UI.DefaultWait`1.Until[TResult](Func`2 condition, CancellationToken token)&#xD;
   at OpenQA.Selenium.Support.UI.DefaultWait`1.Until[TResult](Func`2 condition)&#xD;
   at OSMS.UITests.Support.WaitHelper.Condition(Func`2 condition, String failureMessage) in E:\Project\Online-Sales-Management-System\Report Test subject\Powered by GPT\TestScript-Data\Automation\ui\OSMS.UITests\Support\WaitHelper.cs:line 100&#xD;
   at OSMS.UITests.Tests.PurchaseProductImportCoverageTests.&lt;ProductCreateRejectsMissingName&gt;b__5_0() in E:\Project\Online-Sales-Management-System\Report Test subject\Powered by GPT\TestScript-Data\Automation\ui\OSMS.UITests\Tests\PurchaseProductImportCoverageTests.cs:line 180&#xD;
   at OSMS.UITests.Support.UiTestBase.ExecuteWithFailureCapture(String name, Action action) in E:\Project\Online-Sales-Management-System\Report Test subject\Powered by GPT\TestScript-Data\Automation\ui\OSMS.UITests\Support\UiTestBase.cs:line 46&#xD;
   at OSMS.UITests.Tests.PurchaseProductImportCoverageTests.ProductCreateRejectsMissingName() in E:\Project\Online-Sales-Management-System\Report Test subject\Powered by GPT\TestScript-Data\Automation\ui\OSMS.UITests\Tests\PurchaseProductImportCoverageTests.cs:line 162&#xD;
   at System.RuntimeMethodHandle.InvokeMethod(Object target, Void** arguments, Signature sig, Boolean isConstructor)&#xD;
   at System.Reflection.MethodBaseInvoker.InvokeWithNoArgs(Object obj, BindingFlags invokeAttr)</StackTrace>
        </ErrorInfo>
      </Output>
    </UnitTestResult>
    <UnitTestResult executionId="6b96c228-a690-4983-820c-262957ff1ce2" testId="affb5d40-3b17-f546-f25c-872ce43c20e3" testName="OSMS.UITests.Tests.PurchaseProductImportCoverageTests.ProductImportConfirmImportsValidPreviewRows" computerName="ALUCARD" duration="00:00:11.4214784" startTime="2026-04-10T18:33:28.5080648+07:00" endTime="2026-04-10T18:33:28.5080650+07:00" testType="13cdc9d9-ddb5-4fa4-a97d-d965ccfc6d4b" outcome="Failed" testListId="8c84fa94-04c1-424b-9868-57a2d4851a1d" relativeResultsDirectory="6b96c228-a690-4983-820c-262957ff1ce2">
      <Output>
        <ErrorInfo>
          <Message>Expected the valid preview rows to import successfully, but the system returned to the import page with a failure message.</Message>
          <StackTrace>   at OSMS.UITests.Tests.PurchaseProductImportCoverageTests.&lt;ProductImportConfirmImportsValidPreviewRows&gt;b__7_0() in E:\Project\Online-Sales-Management-System\Report Test subject\Powered by GPT\TestScript-Data\Automation\ui\OSMS.UITests\Tests\PurchaseProductImportCoverageTests.cs:line 241&#xD;
   at OSMS.UITests.Support.UiTestBase.ExecuteWithFailureCapture(String name, Action action) in E:\Project\Online-Sales-Management-System\Report Test subject\Powered by GPT\TestScript-Data\Automation\ui\OSMS.UITests\Support\UiTestBase.cs:line 46&#xD;
   at OSMS.UITests.Tests.PurchaseProductImportCoverageTests.ProductImportConfirmImportsValidPreviewRows() in E:\Project\Online-Sales-Management-System\Report Test subject\Powered by GPT\TestScript-Data\Automation\ui\OSMS.UITests\Tests\PurchaseProductImportCoverageTests.cs:line 224&#xD;
   at System.RuntimeMethodHandle.InvokeMethod(Object target, Void** arguments, Signature sig, Boolean isConstructor)&#xD;
   at System.Reflection.MethodBaseInvoker.InvokeWithNoArgs(Object obj, BindingFlags invokeAttr)</StackTrace>
        </ErrorInfo>
      </Output>
    </UnitTestResult>
    <UnitTestResult executionId="cdb1f8ae-2b29-41f4-9848-8bcefe8c435b" testId="d4f6b9f4-1ec7-c062-7b1f-47da45f550e3" testName="OSMS.UITests.Tests.PurchaseProductImportCoverageTests.PurchaseCreateRejectsMissingValidItems" computerName="ALUCARD" duration="00:00:09.3718010" startTime="2026-04-10T18:32:15.0752772+07:00" endTime="2026-04-10T18:32:15.0753032+07:00" testType="13cdc9d9-ddb5-4fa4-a97d-d965ccfc6d4b" outcome="Failed" testListId="8c84fa94-04c1-424b-9868-57a2d4851a1d" relativeResultsDirectory="cdb1f8ae-2b29-41f4-9848-8bcefe8c435b">
      <Output>
        <ErrorInfo>
          <Message>Assert.Contains() Failure: Sub-string not found&#xD;
String:    ""&#xD;
Not found: "Add at least one item."</Message>
          <StackTrace>   at OSMS.UITests.Tests.PurchaseProductImportCoverageTests.&lt;PurchaseCreateRejectsMissingValidItems&gt;b__1_0() in E:\Project\Online-Sales-Management-System\Report Test subject\Powered by GPT\TestScript-Data\Automation\ui\OSMS.UITests\Tests\PurchaseProductImportCoverageTests.cs:line 49&#xD;
   at OSMS.UITests.Support.UiTestBase.ExecuteWithFailureCapture(String name, Action action) in E:\Project\Online-Sales-Management-System\Report Test subject\Powered by GPT\TestScript-Data\Automation\ui\OSMS.UITests\Support\UiTestBase.cs:line 46&#xD;
   at OSMS.UITests.Tests.PurchaseProductImportCoverageTests.PurchaseCreateRejectsMissingValidItems() in E:\Project\Online-Sales-Management-System\Report Test subject\Powered by GPT\TestScript-Data\Automation\ui\OSMS.UITests\Tests\PurchaseProductImportCoverageTests.cs:line 37&#xD;
   at System.RuntimeMethodHandle.InvokeMethod(Object target, Void** arguments, Signature sig, Boolean isConstructor)&#xD;
   at System.Reflection.MethodBaseInvoker.InvokeWithNoArgs(Object obj, BindingFlags invokeAttr)</StackTrace>
        </ErrorInfo>
      </Output>
    </UnitTestResult>
    <UnitTestResult executionId="5ff0dad8-8073-4a6e-b679-1fb8365d999f" testId="7216b9a4-bae3-d18a-fcb0-f0d27335bd2f" testName="OSMS.UITests.Tests.PurchaseProductImportCoverageTests.ReceiveDraftPurchaseUpdatesStatusAndStock" computerName="ALUCARD" duration="00:00:15.5970023" startTime="2026-04-10T18:33:59.3651124+07:00" endTime="2026-04-10T18:33:59.3651126+07:00" testType="13cdc9d9-ddb5-4fa4-a97d-d965ccfc6d4b" outcome="Passed" testListId="8c84fa94-04c1-424b-9868-57a2d4851a1d" relativeResultsDirectory="5ff0dad8-8073-4a6e-b679-1fb8365d999f" />
    <UnitTestResult executionId="f40e4c47-adf5-4375-920c-f5a6105c4124" testId="dd1fc2b8-73b5-a882-8cd7-e6df38643391" testName="OSMS.UITests.Tests.PurchaseProductImportCoverageTests.ProductImportConfirmRejectsMissingPreviewData" computerName="ALUCARD" duration="00:00:08.2698081" startTime="2026-04-10T18:32:23.3596270+07:00" endTime="2026-04-10T18:32:23.3596274+07:00" testType="13cdc9d9-ddb5-4fa4-a97d-d965ccfc6d4b" outcome="Passed" testListId="8c84fa94-04c1-424b-9868-57a2d4851a1d" relativeResultsDirectory="f40e4c47-adf5-4375-920c-f5a6105c4124" />
    <UnitTestResult executionId="b409f521-bff9-4f05-b116-4e1bac564f9e" testId="6367ae70-abda-196f-8bc1-ef2308db5b36" testName="OSMS.UITests.Tests.PurchaseProductImportCoverageTests.ProductTrendingTogglePersistsAfterRefresh" computerName="ALUCARD" duration="00:00:12.7672605" startTime="2026-04-10T18:33:01.1858221+07:00" endTime="2026-04-10T18:33:01.1858225+07:00" testType="13cdc9d9-ddb5-4fa4-a97d-d965ccfc6d4b" outcome="Passed" testListId="8c84fa94-04c1-424b-9868-57a2d4851a1d" relativeResultsDirectory="b409f521-bff9-4f05-b116-4e1bac564f9e" />
    <UnitTestResult executionId="a377bcf8-eae9-4aee-a76a-d0fd161497f5" testId="779c9179-1b07-33ef-9f9a-445131e53e26" testName="OSMS.UITests.Tests.PurchaseProductImportCoverageTests.CancelReceivedPurchaseIsBlocked" computerName="ALUCARD" duration="00:00:15.8985457" startTime="2026-04-10T18:33:17.0849978+07:00" endTime="2026-04-10T18:33:17.0849980+07:00" testType="13cdc9d9-ddb5-4fa4-a97d-d965ccfc6d4b" outcome="Passed" testListId="8c84fa94-04c1-424b-9868-57a2d4851a1d" relativeResultsDirectory="a377bcf8-eae9-4aee-a76a-d0fd161497f5" />
    <UnitTestResult executionId="377a1b05-ab84-4d6d-b8b6-84d2cf8a97c2" testId="1ce0766b-26eb-aca3-99f3-ff6aab6fa370" testName="OSMS.UITests.Tests.PurchaseProductImportCoverageTests.CancelDraftPurchaseSucceedsWithoutStockUpdate" computerName="ALUCARD" duration="00:00:15.2591349" startTime="2026-04-10T18:33:43.7676696+07:00" endTime="2026-04-10T18:33:43.7676698+07:00" testType="13cdc9d9-ddb5-4fa4-a97d-d965ccfc6d4b" outcome="Passed" testListId="8c84fa94-04c1-424b-9868-57a2d4851a1d" relativeResultsDirectory="377a1b05-ab84-4d6d-b8b6-84d2cf8a97c2" />
    <UnitTestResult executionId="22e77fbb-eb5c-4ee7-96db-dddb2e184530" testId="33aa1c72-c17b-cf81-90c3-28e5a8072c4f" testName="OSMS.UITests.Tests.PurchaseProductImportCoverageTests.PurchaseCreateRejectsMissingSupplier" computerName="ALUCARD" duration="00:00:09.4231478" startTime="2026-04-10T18:34:08.7915144+07:00" endTime="2026-04-10T18:34:08.7915146+07:00" testType="13cdc9d9-ddb5-4fa4-a97d-d965ccfc6d4b" outcome="Failed" testListId="8c84fa94-04c1-424b-9868-57a2d4851a1d" relativeResultsDirectory="22e77fbb-eb5c-4ee7-96db-dddb2e184530">
      <Output>
        <ErrorInfo>
          <Message>Assert.Contains() Failure: Sub-string not found&#xD;
String:    ""&#xD;
Not found: "Supplier is required."</Message>
          <StackTrace>   at OSMS.UITests.Tests.PurchaseProductImportCoverageTests.&lt;PurchaseCreateRejectsMissingSupplier&gt;b__0_0() in E:\Project\Online-Sales-Management-System\Report Test subject\Powered by GPT\TestScript-Data\Automation\ui\OSMS.UITests\Tests\PurchaseProductImportCoverageTests.cs:line 28&#xD;
   at OSMS.UITests.Support.UiTestBase.ExecuteWithFailureCapture(String name, Action action) in E:\Project\Online-Sales-Management-System\Report Test subject\Powered by GPT\TestScript-Data\Automation\ui\OSMS.UITests\Support\UiTestBase.cs:line 46&#xD;
   at OSMS.UITests.Tests.PurchaseProductImportCoverageTests.PurchaseCreateRejectsMissingSupplier() in E:\Project\Online-Sales-Management-System\Report Test subject\Powered by GPT\TestScript-Data\Automation\ui\OSMS.UITests\Tests\PurchaseProductImportCoverageTests.cs:line 13&#xD;
   at System.RuntimeMethodHandle.InvokeMethod(Object target, Void** arguments, Signature sig, Boolean isConstructor)&#xD;
   at System.Reflection.MethodBaseInvoker.InvokeWithNoArgs(Object obj, BindingFlags invokeAttr)</StackTrace>
        </ErrorInfo>
      </Output>
    </UnitTestResult>
  </Results>
  <TestDefinitions>
    <UnitTest name="OSMS.UITests.Tests.PurchaseProductImportCoverageTests.PurchaseCreateRejectsMissingValidItems" storage="e:\project\online-sales-management-system\report test subject\powered by gpt\testscript-data\automation\ui\osms.uitests\bin\debug\net8.0\osms.uitests.dll" id="d4f6b9f4-1ec7-c062-7b1f-47da45f550e3">
      <Execution id="cdb1f8ae-2b29-41f4-9848-8bcefe8c435b" />
      <TestMethod codeBase="E:\Project\Online-Sales-Management-System\Report Test subject\Powered by GPT\TestScript-Data\Automation\ui\OSMS.UITests\bin\Debug\net8.0\OSMS.UITests.dll" adapterTypeName="executor://xunit/VsTestRunner2/netcoreapp" className="OSMS.UITests.Tests.PurchaseProductImportCoverageTests" name="PurchaseCreateRejectsMissingValidItems" />
    </UnitTest>
    <UnitTest name="OSMS.UITests.Tests.PurchaseProductImportCoverageTests.ProductCreateRejectsMissingName" storage="e:\project\online-sales-management-system\report test subject\powered by gpt\testscript-data\automation\ui\osms.uitests\bin\debug\net8.0\osms.uitests.dll" id="20fbf63a-28eb-e0a6-671f-ef546869e2eb">
      <Execution id="bb50e6ab-7315-44cf-8f00-c5865aa45574" />
      <TestMethod codeBase="E:\Project\Online-Sales-Management-System\Report Test subject\Powered by GPT\TestScript-Data\Automation\ui\OSMS.UITests\bin\Debug\net8.0\OSMS.UITests.dll" adapterTypeName="executor://xunit/VsTestRunner2/netcoreapp" className="OSMS.UITests.Tests.PurchaseProductImportCoverageTests" name="ProductCreateRejectsMissingName" />
    </UnitTest>
    <UnitTest name="OSMS.UITests.Tests.PurchaseProductImportCoverageTests.ProductImportConfirmRejectsMissingPreviewData" storage="e:\project\online-sales-management-system\report test subject\powered by gpt\testscript-data\automation\ui\osms.uitests\bin\debug\net8.0\osms.uitests.dll" id="dd1fc2b8-73b5-a882-8cd7-e6df38643391">
      <Execution id="f40e4c47-adf5-4375-920c-f5a6105c4124" />
      <TestMethod codeBase="E:\Project\Online-Sales-Management-System\Report Test subject\Powered by GPT\TestScript-Data\Automation\ui\OSMS.UITests\bin\Debug\net8.0\OSMS.UITests.dll" adapterTypeName="executor://xunit/VsTestRunner2/netcoreapp" className="OSMS.UITests.Tests.PurchaseProductImportCoverageTests" name="ProductImportConfirmRejectsMissingPreviewData" />
    </UnitTest>
    <UnitTest name="OSMS.UITests.Tests.PurchaseProductImportCoverageTests.ProductTrendingTogglePersistsAfterRefresh" storage="e:\project\online-sales-management-system\report test subject\powered by gpt\testscript-data\automation\ui\osms.uitests\bin\debug\net8.0\osms.uitests.dll" id="6367ae70-abda-196f-8bc1-ef2308db5b36">
      <Execution id="b409f521-bff9-4f05-b116-4e1bac564f9e" />
      <TestMethod codeBase="E:\Project\Online-Sales-Management-System\Report Test subject\Powered by GPT\TestScript-Data\Automation\ui\OSMS.UITests\bin\Debug\net8.0\OSMS.UITests.dll" adapterTypeName="executor://xunit/VsTestRunner2/netcoreapp" className="OSMS.UITests.Tests.PurchaseProductImportCoverageTests" name="ProductTrendingTogglePersistsAfterRefresh" />
    </UnitTest>
    <UnitTest name="OSMS.UITests.Tests.PurchaseProductImportCoverageTests.CancelReceivedPurchaseIsBlocked" storage="e:\project\online-sales-management-system\report test subject\powered by gpt\testscript-data\automation\ui\osms.uitests\bin\debug\net8.0\osms.uitests.dll" id="779c9179-1b07-33ef-9f9a-445131e53e26">
      <Execution id="a377bcf8-eae9-4aee-a76a-d0fd161497f5" />
      <TestMethod codeBase="E:\Project\Online-Sales-Management-System\Report Test subject\Powered by GPT\TestScript-Data\Automation\ui\OSMS.UITests\bin\Debug\net8.0\OSMS.UITests.dll" adapterTypeName="executor://xunit/VsTestRunner2/netcoreapp" className="OSMS.UITests.Tests.PurchaseProductImportCoverageTests" name="CancelReceivedPurchaseIsBlocked" />
    </UnitTest>
    <UnitTest name="OSMS.UITests.Tests.PurchaseProductImportCoverageTests.CancelDraftPurchaseSucceedsWithoutStockUpdate" storage="e:\project\online-sales-management-system\report test subject\powered by gpt\testscript-data\automation\ui\osms.uitests\bin\debug\net8.0\osms.uitests.dll" id="1ce0766b-26eb-aca3-99f3-ff6aab6fa370">
      <Execution id="377a1b05-ab84-4d6d-b8b6-84d2cf8a97c2" />
      <TestMethod codeBase="E:\Project\Online-Sales-Management-System\Report Test subject\Powered by GPT\TestScript-Data\Automation\ui\OSMS.UITests\bin\Debug\net8.0\OSMS.UITests.dll" adapterTypeName="executor://xunit/VsTestRunner2/netcoreapp" className="OSMS.UITests.Tests.PurchaseProductImportCoverageTests" name="CancelDraftPurchaseSucceedsWithoutStockUpdate" />
    </UnitTest>
    <UnitTest name="OSMS.UITests.Tests.PurchaseProductImportCoverageTests.ReceiveDraftPurchaseUpdatesStatusAndStock" storage="e:\project\online-sales-management-system\report test subject\powered by gpt\testscript-data\automation\ui\osms.uitests\bin\debug\net8.0\osms.uitests.dll" id="7216b9a4-bae3-d18a-fcb0-f0d27335bd2f">
      <Execution id="5ff0dad8-8073-4a6e-b679-1fb8365d999f" />
      <TestMethod codeBase="E:\Project\Online-Sales-Management-System\Report Test subject\Powered by GPT\TestScript-Data\Automation\ui\OSMS.UITests\bin\Debug\net8.0\OSMS.UITests.dll" adapterTypeName="executor://xunit/VsTestRunner2/netcoreapp" className="OSMS.UITests.Tests.PurchaseProductImportCoverageTests" name="ReceiveDraftPurchaseUpdatesStatusAndStock" />
    </UnitTest>
    <UnitTest name="OSMS.UITests.Tests.PurchaseProductImportCoverageTests.ProductImportConfirmImportsValidPreviewRows" storage="e:\project\online-sales-management-system\report test subject\powered by gpt\testscript-data\automation\ui\osms.uitests\bin\debug\net8.0\osms.uitests.dll" id="affb5d40-3b17-f546-f25c-872ce43c20e3">
      <Execution id="6b96c228-a690-4983-820c-262957ff1ce2" />
      <TestMethod codeBase="E:\Project\Online-Sales-Management-System\Report Test subject\Powered by GPT\TestScript-Data\Automation\ui\OSMS.UITests\bin\Debug\net8.0\OSMS.UITests.dll" adapterTypeName="executor://xunit/VsTestRunner2/netcoreapp" className="OSMS.UITests.Tests.PurchaseProductImportCoverageTests" name="ProductImportConfirmImportsValidPreviewRows" />
    </UnitTest>
    <UnitTest name="OSMS.UITests.Tests.PurchaseProductImportCoverageTests.PurchaseCreateRejectsMissingSupplier" storage="e:\project\online-sales-management-system\report test subject\powered by gpt\testscript-data\automation\ui\osms.uitests\bin\debug\net8.0\osms.uitests.dll" id="33aa1c72-c17b-cf81-90c3-28e5a8072c4f">
      <Execution id="22e77fbb-eb5c-4ee7-96db-dddb2e184530" />
      <TestMethod codeBase="E:\Project\Online-Sales-Management-System\Report Test subject\Powered by GPT\TestScript-Data\Automation\ui\OSMS.UITests\bin\Debug\net8.0\OSMS.UITests.dll" adapterTypeName="executor://xunit/VsTestRunner2/netcoreapp" className="OSMS.UITests.Tests.PurchaseProductImportCoverageTests" name="PurchaseCreateRejectsMissingSupplier" />
    </UnitTest>
  </TestDefinitions>
  <TestEntries>
    <TestEntry testId="20fbf63a-28eb-e0a6-671f-ef546869e2eb" executionId="bb50e6ab-7315-44cf-8f00-c5865aa45574" testListId="8c84fa94-04c1-424b-9868-57a2d4851a1d" />
    <TestEntry testId="affb5d40-3b17-f546-f25c-872ce43c20e3" executionId="6b96c228-a690-4983-820c-262957ff1ce2" testListId="8c84fa94-04c1-424b-9868-57a2d4851a1d" />
    <TestEntry testId="d4f6b9f4-1ec7-c062-7b1f-47da45f550e3" executionId="cdb1f8ae-2b29-41f4-9848-8bcefe8c435b" testListId="8c84fa94-04c1-424b-9868-57a2d4851a1d" />
    <TestEntry testId="7216b9a4-bae3-d18a-fcb0-f0d27335bd2f" executionId="5ff0dad8-8073-4a6e-b679-1fb8365d999f" testListId="8c84fa94-04c1-424b-9868-57a2d4851a1d" />
    <TestEntry testId="dd1fc2b8-73b5-a882-8cd7-e6df38643391" executionId="f40e4c47-adf5-4375-920c-f5a6105c4124" testListId="8c84fa94-04c1-424b-9868-57a2d4851a1d" />
    <TestEntry testId="6367ae70-abda-196f-8bc1-ef2308db5b36" executionId="b409f521-bff9-4f05-b116-4e1bac564f9e" testListId="8c84fa94-04c1-424b-9868-57a2d4851a1d" />
    <TestEntry testId="779c9179-1b07-33ef-9f9a-445131e53e26" executionId="a377bcf8-eae9-4aee-a76a-d0fd161497f5" testListId="8c84fa94-04c1-424b-9868-57a2d4851a1d" />
    <TestEntry testId="1ce0766b-26eb-aca3-99f3-ff6aab6fa370" executionId="377a1b05-ab84-4d6d-b8b6-84d2cf8a97c2" testListId="8c84fa94-04c1-424b-9868-57a2d4851a1d" />
    <TestEntry testId="33aa1c72-c17b-cf81-90c3-28e5a8072c4f" executionId="22e77fbb-eb5c-4ee7-96db-dddb2e184530" testListId="8c84fa94-04c1-424b-9868-57a2d4851a1d" />
  </TestEntries>
  <TestLists>
    <TestList name="Results Not in a List" id="8c84fa94-04c1-424b-9868-57a2d4851a1d" />
    <TestList name="All Loaded Results" id="19431567-8539-422a-85d7-44ee4e166bda" />
  </TestLists>
  <ResultSummary outcome="Failed">
    <Counters total="9" executed="9" passed="5" failed="4" error="0" timeout="0" aborted="0" inconclusive="0" passedButRunAborted="0" notRunnable="0" notExecuted="0" disconnected="0" warning="0" completed="0" inProgress="0" pending="0" />
    <Output>
      <StdOut>[xUnit.net 00:00:00.00] xUnit.net VSTest Adapter v2.5.3.1+6b60a9e56a (64-bit .NET 8.0.22)&#xD;
[xUnit.net 00:00:00.11]   Discovering: OSMS.UITests&#xD;
[xUnit.net 00:00:00.18]   Discovered:  OSMS.UITests&#xD;
[xUnit.net 00:00:00.20]   Starting:    OSMS.UITests&#xD;
[xUnit.net 00:00:09.64]       Assert.Contains() Failure: Sub-string not found&#xD;
[xUnit.net 00:00:09.64]       String:    ""&#xD;
[xUnit.net 00:00:09.64]       Not found: "Add at least one item."&#xD;
[xUnit.net 00:00:09.64]       Stack Trace:&#xD;
[xUnit.net 00:00:09.64]         E:\Project\Online-Sales-Management-System\Report Test subject\Powered by GPT\TestScript-Data\Automation\ui\OSMS.UITests\Tests\PurchaseProductImportCoverageTests.cs(49,0): at OSMS.UITests.Tests.PurchaseProductImportCoverageTests.&lt;PurchaseCreateRejectsMissingValidItems&gt;b__1_0()&#xD;
[xUnit.net 00:00:09.64]         E:\Project\Online-Sales-Management-System\Report Test subject\Powered by GPT\TestScript-Data\Automation\ui\OSMS.UITests\Support\UiTestBase.cs(46,0): at OSMS.UITests.Support.UiTestBase.ExecuteWithFailureCapture(String name, Action action)&#xD;
[xUnit.net 00:00:09.64]         E:\Project\Online-Sales-Management-System\Report Test subject\Powered by GPT\TestScript-Data\Automation\ui\OSMS.UITests\Tests\PurchaseProductImportCoverageTests.cs(37,0): at OSMS.UITests.Tests.PurchaseProductImportCoverageTests.PurchaseCreateRejectsMissingValidItems()&#xD;
[xUnit.net 00:00:09.64]            at System.RuntimeMethodHandle.InvokeMethod(Object target, Void** arguments, Signature sig, Boolean isConstructor)&#xD;
[xUnit.net 00:00:09.64]            at System.Reflection.MethodBaseInvoker.InvokeWithNoArgs(Object obj, BindingFlags invokeAttr)&#xD;
[xUnit.net 00:00:42.99]       OpenQA.Selenium.WebDriverTimeoutException : Timed out after 15 seconds&#xD;
[xUnit.net 00:00:42.99]       Stack Trace:&#xD;
[xUnit.net 00:00:42.99]            at OpenQA.Selenium.Support.UI.DefaultWait`1.ThrowTimeoutException(String exceptionMessage, Exception lastException)&#xD;
[xUnit.net 00:00:42.99]            at OpenQA.Selenium.Support.UI.DefaultWait`1.Until[TResult](Func`2 condition, CancellationToken token)&#xD;
[xUnit.net 00:00:42.99]            at OpenQA.Selenium.Support.UI.DefaultWait`1.Until[TResult](Func`2 condition)&#xD;
[xUnit.net 00:00:42.99]         E:\Project\Online-Sales-Management-System\Report Test subject\Powered by GPT\TestScript-Data\Automation\ui\OSMS.UITests\Support\WaitHelper.cs(100,0): at OSMS.UITests.Support.WaitHelper.Condition(Func`2 condition, String failureMessage)&#xD;
[xUnit.net 00:00:42.99]         E:\Project\Online-Sales-Management-System\Report Test subject\Powered by GPT\TestScript-Data\Automation\ui\OSMS.UITests\Tests\PurchaseProductImportCoverageTests.cs(180,0): at OSMS.UITests.Tests.PurchaseProductImportCoverageTests.&lt;ProductCreateRejectsMissingName&gt;b__5_0()&#xD;
[xUnit.net 00:00:42.99]         E:\Project\Online-Sales-Management-System\Report Test subject\Powered by GPT\TestScript-Data\Automation\ui\OSMS.UITests\Support\UiTestBase.cs(46,0): at OSMS.UITests.Support.UiTestBase.ExecuteWithFailureCapture(String name, Action action)&#xD;
[xUnit.net 00:00:42.99]         E:\Project\Online-Sales-Management-System\Report Test subject\Powered by GPT\TestScript-Data\Automation\ui\OSMS.UITests\Tests\PurchaseProductImportCoverageTests.cs(162,0): at OSMS.UITests.Tests.PurchaseProductImportCoverageTests.ProductCreateRejectsMissingName()&#xD;
[xUnit.net 00:00:42.99]            at System.RuntimeMethodHandle.InvokeMethod(Object target, Void** arguments, Signature sig, Boolean isConstructor)&#xD;
[xUnit.net 00:00:42.99]            at System.Reflection.MethodBaseInvoker.InvokeWithNoArgs(Object obj, BindingFlags invokeAttr)&#xD;
[xUnit.net 00:01:23.08]       Expected the valid preview rows to import successfully, but the system returned to the import page with a failure message.&#xD;
[xUnit.net 00:01:23.08]       Stack Trace:&#xD;
[xUnit.net 00:01:23.08]         E:\Project\Online-Sales-Management-System\Report Test subject\Powered by GPT\TestScript-Data\Automation\ui\OSMS.UITests\Tests\PurchaseProductImportCoverageTests.cs(241,0): at OSMS.UITests.Tests.PurchaseProductImportCoverageTests.&lt;ProductImportConfirmImportsValidPreviewRows&gt;b__7_0()&#xD;
[xUnit.net 00:01:23.08]         E:\Project\Online-Sales-Management-System\Report Test subject\Powered by GPT\TestScript-Data\Automation\ui\OSMS.UITests\Support\UiTestBase.cs(46,0): at OSMS.UITests.Support.UiTestBase.ExecuteWithFailureCapture(String name, Action action)&#xD;
[xUnit.net 00:01:23.08]         E:\Project\Online-Sales-Management-System\Report Test subject\Powered by GPT\TestScript-Data\Automation\ui\OSMS.UITests\Tests\PurchaseProductImportCoverageTests.cs(224,0): at OSMS.UITests.Tests.PurchaseProductImportCoverageTests.ProductImportConfirmImportsValidPreviewRows()&#xD;
[xUnit.net 00:01:23.08]            at System.RuntimeMethodHandle.InvokeMethod(Object target, Void** arguments, Signature sig, Boolean isConstructor)&#xD;
[xUnit.net 00:01:23.08]            at System.Reflection.MethodBaseInvoker.InvokeWithNoArgs(Object obj, BindingFlags invokeAttr)&#xD;
[xUnit.net 00:02:03.36]       Assert.Contains() Failure: Sub-string not found&#xD;
[xUnit.net 00:02:03.36]       String:    ""&#xD;
[xUnit.net 00:02:03.36]       Not found: "Supplier is required."&#xD;
[xUnit.net 00:02:03.36]       Stack Trace:&#xD;
[xUnit.net 00:02:03.36]         E:\Project\Online-Sales-Management-System\Report Test subject\Powered by GPT\TestScript-Data\Automation\ui\OSMS.UITests\Tests\PurchaseProductImportCoverageTests.cs(28,0): at OSMS.UITests.Tests.PurchaseProductImportCoverageTests.&lt;PurchaseCreateRejectsMissingSupplier&gt;b__0_0()&#xD;
[xUnit.net 00:02:03.36]         E:\Project\Online-Sales-Management-System\Report Test subject\Powered by GPT\TestScript-Data\Automation\ui\OSMS.UITests\Support\UiTestBase.cs(46,0): at OSMS.UITests.Support.UiTestBase.ExecuteWithFailureCapture(String name, Action action)&#xD;
[xUnit.net 00:02:03.36]         E:\Project\Online-Sales-Management-System\Report Test subject\Powered by GPT\TestScript-Data\Automation\ui\OSMS.UITests\Tests\PurchaseProductImportCoverageTests.cs(13,0): at OSMS.UITests.Tests.PurchaseProductImportCoverageTests.PurchaseCreateRejectsMissingSupplier()&#xD;
[xUnit.net 00:02:03.36]            at System.RuntimeMethodHandle.InvokeMethod(Object target, Void** arguments, Signature sig, Boolean isConstructor)&#xD;
[xUnit.net 00:02:03.36]            at System.Reflection.MethodBaseInvoker.InvokeWithNoArgs(Object obj, BindingFlags invokeAttr)&#xD;
[xUnit.net 00:02:03.36]   Finished:    OSMS.UITests&#xD;
</StdOut>
    </Output>
    <RunInfos>
      <RunInfo computerName="ALUCARD" outcome="Error" timestamp="2026-04-10T18:32:15.0724595+07:00">
        <Text>[xUnit.net 00:00:09.64]     OSMS.UITests.Tests.PurchaseProductImportCoverageTests.PurchaseCreateRejectsMissingValidItems [FAIL]</Text>
      </RunInfo>
      <RunInfo computerName="ALUCARD" outcome="Error" timestamp="2026-04-10T18:32:48.4170002+07:00">
        <Text>[xUnit.net 00:00:42.98]     OSMS.UITests.Tests.PurchaseProductImportCoverageTests.ProductCreateRejectsMissingName [FAIL]</Text>
      </RunInfo>
      <RunInfo computerName="ALUCARD" outcome="Error" timestamp="2026-04-10T18:33:28.5076568+07:00">
        <Text>[xUnit.net 00:01:23.08]     OSMS.UITests.Tests.PurchaseProductImportCoverageTests.ProductImportConfirmImportsValidPreviewRows [FAIL]</Text>
      </RunInfo>
      <RunInfo computerName="ALUCARD" outcome="Error" timestamp="2026-04-10T18:34:08.7909907+07:00">
        <Text>[xUnit.net 00:02:03.36]     OSMS.UITests.Tests.PurchaseProductImportCoverageTests.PurchaseCreateRejectsMissingSupplier [FAIL]</Text>
      </RunInfo>
    </RunInfos>
  </ResultSummary>
</TestRun>