<?xml version="1.0" encoding="utf-8"?>
<TestRun id="e1e06859-c3c4-4377-93a5-5008d1be78fb" name="Alucard30Dec@ALUCARD 2026-04-11 14:58:04" runUser="ALUCARD\Alucard30Dec" xmlns="http://microsoft.com/schemas/VisualStudio/TeamTest/2010">
  <Times creation="2026-04-11T14:58:04.1732995+07:00" queuing="2026-04-11T14:58:04.1732999+07:00" start="2026-04-11T14:57:47.7498431+07:00" finish="2026-04-11T14:59:33.6945089+07:00" />
  <TestSettings name="default" id="5c4d9e4e-8f22-42cd-aac5-afd2d03b32d9">
    <Deployment runDeploymentRoot="Alucard30Dec_ALUCARD_2026-04-11_14_58_04" />
  </TestSettings>
  <Results>
    <UnitTestResult executionId="d049626e-59da-4cfd-8205-067075a45e62" testId="159e2d32-dbf4-b2c3-4348-dcf483280bd0" testName="OSMS.UITests.Tests.ReportingPublicInvoiceCoverageTests.StockMovementExportDownloadsWorkbookForCurrentFilterScope" computerName="ALUCARD" duration="00:00:10.7110514" startTime="2026-04-11T14:58:29.2250424+07:00" endTime="2026-04-11T14:58:29.2250427+07:00" testType="13cdc9d9-ddb5-4fa4-a97d-d965ccfc6d4b" outcome="Passed" testListId="8c84fa94-04c1-424b-9868-57a2d4851a1d" relativeResultsDirectory="d049626e-59da-4cfd-8205-067075a45e62" />
    <UnitTestResult executionId="c0fc45be-65fc-44ca-8fc4-ddd400665332" testId="d6a1e055-625d-86ae-ee00-d3ae421613a9" testName="OSMS.UITests.Tests.ReportingPublicInvoiceCoverageTests.InvoiceCreateShowsWrongFailureWhenQuantityExceedsStock" computerName="ALUCARD" duration="00:00:12.8957955" startTime="2026-04-11T14:58:04.1449888+07:00" endTime="2026-04-11T14:58:04.1450145+07:00" testType="13cdc9d9-ddb5-4fa4-a97d-d965ccfc6d4b" outcome="Failed" testListId="8c84fa94-04c1-424b-9868-57a2d4851a1d" relativeResultsDirectory="c0fc45be-65fc-44ca-8fc4-ddd400665332">
      <Output>
        <ErrorInfo>
          <Message>Expected an insufficient-stock failure message, but the system returned the generic invoice creation failure caused by the known create defect.</Message>
          <StackTrace>   at OSMS.UITests.Tests.ReportingPublicInvoiceCoverageTests.&lt;InvoiceCreateShowsWrongFailureWhenQuantityExceedsStock&gt;b__6_0() in E:\Project\Online-Sales-Management-System\Report Test subject\Powered by GPT\TestScript-Data\Automation\ui\OSMS.UITests\Tests\ReportingPublicInvoiceCoverageTests.cs:line 172&#xD;
   at OSMS.UITests.Support.UiTestBase.ExecuteWithFailureCapture(String name, Action action) in E:\Project\Online-Sales-Management-System\Report Test subject\Powered by GPT\TestScript-Data\Automation\ui\OSMS.UITests\Support\UiTestBase.cs:line 46&#xD;
   at OSMS.UITests.Tests.ReportingPublicInvoiceCoverageTests.InvoiceCreateShowsWrongFailureWhenQuantityExceedsStock() in E:\Project\Online-Sales-Management-System\Report Test subject\Powered by GPT\TestScript-Data\Automation\ui\OSMS.UITests\Tests\ReportingPublicInvoiceCoverageTests.cs:line 159&#xD;
   at System.RuntimeMethodHandle.InvokeMethod(Object target, Void** arguments, Signature sig, Boolean isConstructor)&#xD;
   at System.Reflection.MethodBaseInvoker.InvokeWithNoArgs(Object obj, BindingFlags invokeAttr)</StackTrace>
        </ErrorInfo>
      </Output>
    </UnitTestResult>
    <UnitTestResult executionId="fc053649-c15a-43ff-afff-2af73701e171" testId="34921c82-107d-2f0b-9c54-6435adff86e4" testName="OSMS.UITests.Tests.ReportingPublicInvoiceCoverageTests.InvoiceCreateDoesNotReachServerSidePriceVerificationBecauseCreateFlowFails" computerName="ALUCARD" duration="00:00:09.8581574" startTime="2026-04-11T14:59:33.6151060+07:00" endTime="2026-04-11T14:59:33.6151062+07:00" testType="13cdc9d9-ddb5-4fa4-a97d-d965ccfc6d4b" outcome="Failed" testListId="8c84fa94-04c1-424b-9868-57a2d4851a1d" relativeResultsDirectory="fc053649-c15a-43ff-afff-2af73701e171">
      <Output>
        <ErrorInfo>
          <Message>Expected the server-side sale price to override the tampered client-posted UnitPrice, but the invoice create flow failed before the price check because of the known transaction defect.</Message>
          <StackTrace>   at OSMS.UITests.Tests.ReportingPublicInvoiceCoverageTests.&lt;InvoiceCreateDoesNotReachServerSidePriceVerificationBecauseCreateFlowFails&gt;b__9_0() in E:\Project\Online-Sales-Management-System\Report Test subject\Powered by GPT\TestScript-Data\Automation\ui\OSMS.UITests\Tests\ReportingPublicInvoiceCoverageTests.cs:line 289&#xD;
   at OSMS.UITests.Support.UiTestBase.ExecuteWithFailureCapture(String name, Action action) in E:\Project\Online-Sales-Management-System\Report Test subject\Powered by GPT\TestScript-Data\Automation\ui\OSMS.UITests\Support\UiTestBase.cs:line 46&#xD;
   at OSMS.UITests.Tests.ReportingPublicInvoiceCoverageTests.InvoiceCreateDoesNotReachServerSidePriceVerificationBecauseCreateFlowFails() in E:\Project\Online-Sales-Management-System\Report Test subject\Powered by GPT\TestScript-Data\Automation\ui\OSMS.UITests\Tests\ReportingPublicInvoiceCoverageTests.cs:line 262&#xD;
   at System.RuntimeMethodHandle.InvokeMethod(Object target, Void** arguments, Signature sig, Boolean isConstructor)&#xD;
   at System.Reflection.MethodBaseInvoker.InvokeWithNoArgs(Object obj, BindingFlags invokeAttr)</StackTrace>
        </ErrorInfo>
      </Output>
    </UnitTestResult>
    <UnitTestResult executionId="ec6cd34c-8d05-4374-8180-567934a1a780" testId="d7db82c2-32ad-5663-c653-3e917fe6ed4c" testName="OSMS.UITests.Tests.ReportingPublicInvoiceCoverageTests.ReportsExportGeneratesWorkbookForSelectedDateRange" computerName="ALUCARD" duration="00:00:07.8334358" startTime="2026-04-11T14:58:44.9360589+07:00" endTime="2026-04-11T14:58:44.9360591+07:00" testType="13cdc9d9-ddb5-4fa4-a97d-d965ccfc6d4b" outcome="Passed" testListId="8c84fa94-04c1-424b-9868-57a2d4851a1d" relativeResultsDirectory="ec6cd34c-8d05-4374-8180-567934a1a780" />
    <UnitTestResult executionId="236844b2-0113-44ba-882f-e7477868a8b5" testId="ed20f4db-1e82-9ebe-4e1b-fd0787be12e2" testName="OSMS.UITests.Tests.ReportingPublicInvoiceCoverageTests.PublicCatalogSupportsPriceFilterAndSorting" computerName="ALUCARD" duration="00:00:02.7243417" startTime="2026-04-11T14:58:18.5101983+07:00" endTime="2026-04-11T14:58:18.5101985+07:00" testType="13cdc9d9-ddb5-4fa4-a97d-d965ccfc6d4b" outcome="Passed" testListId="8c84fa94-04c1-424b-9868-57a2d4851a1d" relativeResultsDirectory="236844b2-0113-44ba-882f-e7477868a8b5" />
    <UnitTestResult executionId="2ce29cf2-22de-4d6e-b6ed-a94c3efada0c" testId="62dd3a14-3fd3-510f-4991-c44358c3c3fb" testName="OSMS.UITests.Tests.ReportingPublicInvoiceCoverageTests.CancellingInvoiceMarksItCancelledAndCreatesStockReturnMovement" computerName="ALUCARD" duration="00:00:24.2308293" startTime="2026-04-11T14:59:09.1693927+07:00" endTime="2026-04-11T14:59:09.1693929+07:00" testType="13cdc9d9-ddb5-4fa4-a97d-d965ccfc6d4b" outcome="Failed" testListId="8c84fa94-04c1-424b-9868-57a2d4851a1d" relativeResultsDirectory="2ce29cf2-22de-4d6e-b6ed-a94c3efada0c">
      <Output>
        <ErrorInfo>
          <Message>OpenQA.Selenium.WebDriverTimeoutException : Timed out after 15 seconds</Message>
          <StackTrace>   at OpenQA.Selenium.Support.UI.DefaultWait`1.ThrowTimeoutException(String exceptionMessage, Exception lastException)&#xD;
   at OpenQA.Selenium.Support.UI.DefaultWait`1.Until[TResult](Func`2 condition, CancellationToken token)&#xD;
   at OpenQA.Selenium.Support.UI.DefaultWait`1.Until[TResult](Func`2 condition)&#xD;
   at OSMS.UITests.Support.WaitHelper.BodyContains(String text) in E:\Project\Online-Sales-Management-System\Report Test subject\Powered by GPT\TestScript-Data\Automation\ui\OSMS.UITests\Support\WaitHelper.cs:line 80&#xD;
   at OSMS.UITests.Tests.ReportingPublicInvoiceCoverageTests.&lt;CancellingInvoiceMarksItCancelledAndCreatesStockReturnMovement&gt;b__8_0() in E:\Project\Online-Sales-Management-System\Report Test subject\Powered by GPT\TestScript-Data\Automation\ui\OSMS.UITests\Tests\ReportingPublicInvoiceCoverageTests.cs:line 242&#xD;
   at OSMS.UITests.Support.UiTestBase.ExecuteWithFailureCapture(String name, Action action) in E:\Project\Online-Sales-Management-System\Report Test subject\Powered by GPT\TestScript-Data\Automation\ui\OSMS.UITests\Support\UiTestBase.cs:line 46&#xD;
   at OSMS.UITests.Tests.ReportingPublicInvoiceCoverageTests.CancellingInvoiceMarksItCancelledAndCreatesStockReturnMovement() in E:\Project\Online-Sales-Management-System\Report Test subject\Powered by GPT\TestScript-Data\Automation\ui\OSMS.UITests\Tests\ReportingPublicInvoiceCoverageTests.cs:line 226&#xD;
   at System.RuntimeMethodHandle.InvokeMethod(Object target, Void** arguments, Signature sig, Boolean isConstructor)&#xD;
   at System.Reflection.MethodBaseInvoker.InvokeWithNoArgs(Object obj, BindingFlags invokeAttr)</StackTrace>
        </ErrorInfo>
      </Output>
    </UnitTestResult>
    <UnitTestResult executionId="20c7c71a-124a-4535-9021-09bb02bf7695" testId="33131800-8c31-bb76-af0c-d0a1fe73aaf7" testName="OSMS.UITests.Tests.ReportingPublicInvoiceCoverageTests.InvoiceCreateRejectsMissingProductSelection" computerName="ALUCARD" duration="00:00:07.8744403" startTime="2026-04-11T14:58:37.1014723+07:00" endTime="2026-04-11T14:58:37.1014725+07:00" testType="13cdc9d9-ddb5-4fa4-a97d-d965ccfc6d4b" outcome="Passed" testListId="8c84fa94-04c1-424b-9868-57a2d4851a1d" relativeResultsDirectory="20c7c71a-124a-4535-9021-09bb02bf7695" />
    <UnitTestResult executionId="2e0d8fff-a0ae-441d-8046-177a9a4bd3ce" testId="9692b221-bec3-fb21-8d60-d8d4faae77d9" testName="OSMS.UITests.Tests.ReportingPublicInvoiceCoverageTests.RecordingPaymentUpdatesInvoiceFromPartialToPaid" computerName="ALUCARD" duration="00:00:14.5857491" startTime="2026-04-11T14:59:23.7555805+07:00" endTime="2026-04-11T14:59:23.7555807+07:00" testType="13cdc9d9-ddb5-4fa4-a97d-d965ccfc6d4b" outcome="Passed" testListId="8c84fa94-04c1-424b-9868-57a2d4851a1d" relativeResultsDirectory="2e0d8fff-a0ae-441d-8046-177a9a4bd3ce" />
    <UnitTestResult executionId="1bb72ff1-505f-42dd-9ddc-3ae92bc94721" testId="0c1e3144-3fe6-2776-1a0f-5c7a98a14287" testName="OSMS.UITests.Tests.ReportingPublicInvoiceCoverageTests.PublicCatalogSupportsSearchFiltersAndDetailsNavigation" computerName="ALUCARD" duration="00:00:05.3632426" startTime="2026-04-11T14:58:15.7847598+07:00" endTime="2026-04-11T14:58:15.7847599+07:00" testType="13cdc9d9-ddb5-4fa4-a97d-d965ccfc6d4b" outcome="Passed" testListId="8c84fa94-04c1-424b-9868-57a2d4851a1d" relativeResultsDirectory="1bb72ff1-505f-42dd-9ddc-3ae92bc94721" />
    <UnitTestResult executionId="5dcb9551-da3c-44e9-8acd-d0d9eef6946f" testId="0dbe530e-d5c8-4f77-9906-22c7b06216be" testName="OSMS.UITests.Tests.ReportingPublicInvoiceCoverageTests.StockMovementHistorySupportsFilteringByProductAndDate" computerName="ALUCARD" duration="00:00:06.2620005" startTime="2026-04-11T14:58:10.4202799+07:00" endTime="2026-04-11T14:58:10.4202801+07:00" testType="13cdc9d9-ddb5-4fa4-a97d-d965ccfc6d4b" outcome="Passed" testListId="8c84fa94-04c1-424b-9868-57a2d4851a1d" relativeResultsDirectory="5dcb9551-da3c-44e9-8acd-d0d9eef6946f" />
  </Results>
  <TestDefinitions>
    <UnitTest name="OSMS.UITests.Tests.ReportingPublicInvoiceCoverageTests.RecordingPaymentUpdatesInvoiceFromPartialToPaid" storage="e:\project\online-sales-management-system\report test subject\powered by gpt\testscript-data\automation\ui\osms.uitests\bin\debug\net8.0\osms.uitests.dll" id="9692b221-bec3-fb21-8d60-d8d4faae77d9">
      <Execution id="2e0d8fff-a0ae-441d-8046-177a9a4bd3ce" />
      <TestMethod codeBase="E:\Project\Online-Sales-Management-System\Report Test subject\Powered by GPT\TestScript-Data\Automation\ui\OSMS.UITests\bin\Debug\net8.0\OSMS.UITests.dll" adapterTypeName="executor://xunit/VsTestRunner2/netcoreapp" className="OSMS.UITests.Tests.ReportingPublicInvoiceCoverageTests" name="RecordingPaymentUpdatesInvoiceFromPartialToPaid" />
    </UnitTest>
    <UnitTest name="OSMS.UITests.Tests.ReportingPublicInvoiceCoverageTests.InvoiceCreateRejectsMissingProductSelection" storage="e:\project\online-sales-management-system\report test subject\powered by gpt\testscript-data\automation\ui\osms.uitests\bin\debug\net8.0\osms.uitests.dll" id="33131800-8c31-bb76-af0c-d0a1fe73aaf7">
      <Execution id="20c7c71a-124a-4535-9021-09bb02bf7695" />
      <TestMethod codeBase="E:\Project\Online-Sales-Management-System\Report Test subject\Powered by GPT\TestScript-Data\Automation\ui\OSMS.UITests\bin\Debug\net8.0\OSMS.UITests.dll" adapterTypeName="executor://xunit/VsTestRunner2/netcoreapp" className="OSMS.UITests.Tests.ReportingPublicInvoiceCoverageTests" name="InvoiceCreateRejectsMissingProductSelection" />
    </UnitTest>
    <UnitTest name="OSMS.UITests.Tests.ReportingPublicInvoiceCoverageTests.CancellingInvoiceMarksItCancelledAndCreatesStockReturnMovement" storage="e:\project\online-sales-management-system\report test subject\powered by gpt\testscript-data\automation\ui\osms.uitests\bin\debug\net8.0\osms.uitests.dll" id="62dd3a14-3fd3-510f-4991-c44358c3c3fb">
      <Execution id="2ce29cf2-22de-4d6e-b6ed-a94c3efada0c" />
      <TestMethod codeBase="E:\Project\Online-Sales-Management-System\Report Test subject\Powered by GPT\TestScript-Data\Automation\ui\OSMS.UITests\bin\Debug\net8.0\OSMS.UITests.dll" adapterTypeName="executor://xunit/VsTestRunner2/netcoreapp" className="OSMS.UITests.Tests.ReportingPublicInvoiceCoverageTests" name="CancellingInvoiceMarksItCancelledAndCreatesStockReturnMovement" />
    </UnitTest>
    <UnitTest name="OSMS.UITests.Tests.ReportingPublicInvoiceCoverageTests.ReportsExportGeneratesWorkbookForSelectedDateRange" storage="e:\project\online-sales-management-system\report test subject\powered by gpt\testscript-data\automation\ui\osms.uitests\bin\debug\net8.0\osms.uitests.dll" id="d7db82c2-32ad-5663-c653-3e917fe6ed4c">
      <Execution id="ec6cd34c-8d05-4374-8180-567934a1a780" />
      <TestMethod codeBase="E:\Project\Online-Sales-Management-System\Report Test subject\Powered by GPT\TestScript-Data\Automation\ui\OSMS.UITests\bin\Debug\net8.0\OSMS.UITests.dll" adapterTypeName="executor://xunit/VsTestRunner2/netcoreapp" className="OSMS.UITests.Tests.ReportingPublicInvoiceCoverageTests" name="ReportsExportGeneratesWorkbookForSelectedDateRange" />
    </UnitTest>
    <UnitTest name="OSMS.UITests.Tests.ReportingPublicInvoiceCoverageTests.InvoiceCreateShowsWrongFailureWhenQuantityExceedsStock" storage="e:\project\online-sales-management-system\report test subject\powered by gpt\testscript-data\automation\ui\osms.uitests\bin\debug\net8.0\osms.uitests.dll" id="d6a1e055-625d-86ae-ee00-d3ae421613a9">
      <Execution id="c0fc45be-65fc-44ca-8fc4-ddd400665332" />
      <TestMethod codeBase="E:\Project\Online-Sales-Management-System\Report Test subject\Powered by GPT\TestScript-Data\Automation\ui\OSMS.UITests\bin\Debug\net8.0\OSMS.UITests.dll" adapterTypeName="executor://xunit/VsTestRunner2/netcoreapp" className="OSMS.UITests.Tests.ReportingPublicInvoiceCoverageTests" name="InvoiceCreateShowsWrongFailureWhenQuantityExceedsStock" />
    </UnitTest>
    <UnitTest name="OSMS.UITests.Tests.ReportingPublicInvoiceCoverageTests.PublicCatalogSupportsSearchFiltersAndDetailsNavigation" storage="e:\project\online-sales-management-system\report test subject\powered by gpt\testscript-data\automation\ui\osms.uitests\bin\debug\net8.0\osms.uitests.dll" id="0c1e3144-3fe6-2776-1a0f-5c7a98a14287">
      <Execution id="1bb72ff1-505f-42dd-9ddc-3ae92bc94721" />
      <TestMethod codeBase="E:\Project\Online-Sales-Management-System\Report Test subject\Powered by GPT\TestScript-Data\Automation\ui\OSMS.UITests\bin\Debug\net8.0\OSMS.UITests.dll" adapterTypeName="executor://xunit/VsTestRunner2/netcoreapp" className="OSMS.UITests.Tests.ReportingPublicInvoiceCoverageTests" name="PublicCatalogSupportsSearchFiltersAndDetailsNavigation" />
    </UnitTest>
    <UnitTest name="OSMS.UITests.Tests.ReportingPublicInvoiceCoverageTests.PublicCatalogSupportsPriceFilterAndSorting" storage="e:\project\online-sales-management-system\report test subject\powered by gpt\testscript-data\automation\ui\osms.uitests\bin\debug\net8.0\osms.uitests.dll" id="ed20f4db-1e82-9ebe-4e1b-fd0787be12e2">
      <Execution id="236844b2-0113-44ba-882f-e7477868a8b5" />
      <TestMethod codeBase="E:\Project\Online-Sales-Management-System\Report Test subject\Powered by GPT\TestScript-Data\Automation\ui\OSMS.UITests\bin\Debug\net8.0\OSMS.UITests.dll" adapterTypeName="executor://xunit/VsTestRunner2/netcoreapp" className="OSMS.UITests.Tests.ReportingPublicInvoiceCoverageTests" name="PublicCatalogSupportsPriceFilterAndSorting" />
    </UnitTest>
    <UnitTest name="OSMS.UITests.Tests.ReportingPublicInvoiceCoverageTests.InvoiceCreateDoesNotReachServerSidePriceVerificationBecauseCreateFlowFails" storage="e:\project\online-sales-management-system\report test subject\powered by gpt\testscript-data\automation\ui\osms.uitests\bin\debug\net8.0\osms.uitests.dll" id="34921c82-107d-2f0b-9c54-6435adff86e4">
      <Execution id="fc053649-c15a-43ff-afff-2af73701e171" />
      <TestMethod codeBase="E:\Project\Online-Sales-Management-System\Report Test subject\Powered by GPT\TestScript-Data\Automation\ui\OSMS.UITests\bin\Debug\net8.0\OSMS.UITests.dll" adapterTypeName="executor://xunit/VsTestRunner2/netcoreapp" className="OSMS.UITests.Tests.ReportingPublicInvoiceCoverageTests" name="InvoiceCreateDoesNotReachServerSidePriceVerificationBecauseCreateFlowFails" />
    </UnitTest>
    <UnitTest name="OSMS.UITests.Tests.ReportingPublicInvoiceCoverageTests.StockMovementHistorySupportsFilteringByProductAndDate" storage="e:\project\online-sales-management-system\report test subject\powered by gpt\testscript-data\automation\ui\osms.uitests\bin\debug\net8.0\osms.uitests.dll" id="0dbe530e-d5c8-4f77-9906-22c7b06216be">
      <Execution id="5dcb9551-da3c-44e9-8acd-d0d9eef6946f" />
      <TestMethod codeBase="E:\Project\Online-Sales-Management-System\Report Test subject\Powered by GPT\TestScript-Data\Automation\ui\OSMS.UITests\bin\Debug\net8.0\OSMS.UITests.dll" adapterTypeName="executor://xunit/VsTestRunner2/netcoreapp" className="OSMS.UITests.Tests.ReportingPublicInvoiceCoverageTests" name="StockMovementHistorySupportsFilteringByProductAndDate" />
    </UnitTest>
    <UnitTest name="OSMS.UITests.Tests.ReportingPublicInvoiceCoverageTests.StockMovementExportDownloadsWorkbookForCurrentFilterScope" storage="e:\project\online-sales-management-system\report test subject\powered by gpt\testscript-data\automation\ui\osms.uitests\bin\debug\net8.0\osms.uitests.dll" id="159e2d32-dbf4-b2c3-4348-dcf483280bd0">
      <Execution id="d049626e-59da-4cfd-8205-067075a45e62" />
      <TestMethod codeBase="E:\Project\Online-Sales-Management-System\Report Test subject\Powered by GPT\TestScript-Data\Automation\ui\OSMS.UITests\bin\Debug\net8.0\OSMS.UITests.dll" adapterTypeName="executor://xunit/VsTestRunner2/netcoreapp" className="OSMS.UITests.Tests.ReportingPublicInvoiceCoverageTests" name="StockMovementExportDownloadsWorkbookForCurrentFilterScope" />
    </UnitTest>
  </TestDefinitions>
  <TestEntries>
    <TestEntry testId="159e2d32-dbf4-b2c3-4348-dcf483280bd0" executionId="d049626e-59da-4cfd-8205-067075a45e62" testListId="8c84fa94-04c1-424b-9868-57a2d4851a1d" />
    <TestEntry testId="d6a1e055-625d-86ae-ee00-d3ae421613a9" executionId="c0fc45be-65fc-44ca-8fc4-ddd400665332" testListId="8c84fa94-04c1-424b-9868-57a2d4851a1d" />
    <TestEntry testId="34921c82-107d-2f0b-9c54-6435adff86e4" executionId="fc053649-c15a-43ff-afff-2af73701e171" testListId="8c84fa94-04c1-424b-9868-57a2d4851a1d" />
    <TestEntry testId="d7db82c2-32ad-5663-c653-3e917fe6ed4c" executionId="ec6cd34c-8d05-4374-8180-567934a1a780" testListId="8c84fa94-04c1-424b-9868-57a2d4851a1d" />
    <TestEntry testId="ed20f4db-1e82-9ebe-4e1b-fd0787be12e2" executionId="236844b2-0113-44ba-882f-e7477868a8b5" testListId="8c84fa94-04c1-424b-9868-57a2d4851a1d" />
    <TestEntry testId="62dd3a14-3fd3-510f-4991-c44358c3c3fb" executionId="2ce29cf2-22de-4d6e-b6ed-a94c3efada0c" testListId="8c84fa94-04c1-424b-9868-57a2d4851a1d" />
    <TestEntry testId="33131800-8c31-bb76-af0c-d0a1fe73aaf7" executionId="20c7c71a-124a-4535-9021-09bb02bf7695" testListId="8c84fa94-04c1-424b-9868-57a2d4851a1d" />
    <TestEntry testId="9692b221-bec3-fb21-8d60-d8d4faae77d9" executionId="2e0d8fff-a0ae-441d-8046-177a9a4bd3ce" testListId="8c84fa94-04c1-424b-9868-57a2d4851a1d" />
    <TestEntry testId="0c1e3144-3fe6-2776-1a0f-5c7a98a14287" executionId="1bb72ff1-505f-42dd-9ddc-3ae92bc94721" testListId="8c84fa94-04c1-424b-9868-57a2d4851a1d" />
    <TestEntry testId="0dbe530e-d5c8-4f77-9906-22c7b06216be" executionId="5dcb9551-da3c-44e9-8acd-d0d9eef6946f" testListId="8c84fa94-04c1-424b-9868-57a2d4851a1d" />
  </TestEntries>
  <TestLists>
    <TestList name="Results Not in a List" id="8c84fa94-04c1-424b-9868-57a2d4851a1d" />
    <TestList name="All Loaded Results" id="19431567-8539-422a-85d7-44ee4e166bda" />
  </TestLists>
  <ResultSummary outcome="Failed">
    <Counters total="10" executed="10" passed="7" failed="3" error="0" timeout="0" aborted="0" inconclusive="0" passedButRunAborted="0" notRunnable="0" notExecuted="0" disconnected="0" warning="0" completed="0" inProgress="0" pending="0" />
    <Output>
      <StdOut>[xUnit.net 00:00:00.00] xUnit.net VSTest Adapter v2.5.3.1+6b60a9e56a (64-bit .NET 8.0.22)&#xD;
[xUnit.net 00:00:00.84]   Discovering: OSMS.UITests&#xD;
[xUnit.net 00:00:00.90]   Discovered:  OSMS.UITests&#xD;
[xUnit.net 00:00:00.91]   Starting:    OSMS.UITests&#xD;
[xUnit.net 00:00:13.86]       Expected an insufficient-stock failure message, but the system returned the generic invoice creation failure caused by the known create defect.&#xD;
[xUnit.net 00:00:13.86]       Stack Trace:&#xD;
[xUnit.net 00:00:13.86]         E:\Project\Online-Sales-Management-System\Report Test subject\Powered by GPT\TestScript-Data\Automation\ui\OSMS.UITests\Tests\ReportingPublicInvoiceCoverageTests.cs(172,0): at OSMS.UITests.Tests.ReportingPublicInvoiceCoverageTests.&lt;InvoiceCreateShowsWrongFailureWhenQuantityExceedsStock&gt;b__6_0()&#xD;
[xUnit.net 00:00:13.86]         E:\Project\Online-Sales-Management-System\Report Test subject\Powered by GPT\TestScript-Data\Automation\ui\OSMS.UITests\Support\UiTestBase.cs(46,0): at OSMS.UITests.Support.UiTestBase.ExecuteWithFailureCapture(String name, Action action)&#xD;
[xUnit.net 00:00:13.86]         E:\Project\Online-Sales-Management-System\Report Test subject\Powered by GPT\TestScript-Data\Automation\ui\OSMS.UITests\Tests\ReportingPublicInvoiceCoverageTests.cs(159,0): at OSMS.UITests.Tests.ReportingPublicInvoiceCoverageTests.InvoiceCreateShowsWrongFailureWhenQuantityExceedsStock()&#xD;
[xUnit.net 00:00:13.86]            at System.RuntimeMethodHandle.InvokeMethod(Object target, Void** arguments, Signature sig, Boolean isConstructor)&#xD;
[xUnit.net 00:00:13.86]            at System.Reflection.MethodBaseInvoker.InvokeWithNoArgs(Object obj, BindingFlags invokeAttr)&#xD;
[xUnit.net 00:01:18.89]       OpenQA.Selenium.WebDriverTimeoutException : Timed out after 15 seconds&#xD;
[xUnit.net 00:01:18.89]       Stack Trace:&#xD;
[xUnit.net 00:01:18.89]            at OpenQA.Selenium.Support.UI.DefaultWait`1.ThrowTimeoutException(String exceptionMessage, Exception lastException)&#xD;
[xUnit.net 00:01:18.89]            at OpenQA.Selenium.Support.UI.DefaultWait`1.Until[TResult](Func`2 condition, CancellationToken token)&#xD;
[xUnit.net 00:01:18.89]            at OpenQA.Selenium.Support.UI.DefaultWait`1.Until[TResult](Func`2 condition)&#xD;
[xUnit.net 00:01:18.89]         E:\Project\Online-Sales-Management-System\Report Test subject\Powered by GPT\TestScript-Data\Automation\ui\OSMS.UITests\Support\WaitHelper.cs(80,0): at OSMS.UITests.Support.WaitHelper.BodyContains(String text)&#xD;
[xUnit.net 00:01:18.89]         E:\Project\Online-Sales-Management-System\Report Test subject\Powered by GPT\TestScript-Data\Automation\ui\OSMS.UITests\Tests\ReportingPublicInvoiceCoverageTests.cs(242,0): at OSMS.UITests.Tests.ReportingPublicInvoiceCoverageTests.&lt;CancellingInvoiceMarksItCancelledAndCreatesStockReturnMovement&gt;b__8_0()&#xD;
[xUnit.net 00:01:18.89]         E:\Project\Online-Sales-Management-System\Report Test subject\Powered by GPT\TestScript-Data\Automation\ui\OSMS.UITests\Support\UiTestBase.cs(46,0): at OSMS.UITests.Support.UiTestBase.ExecuteWithFailureCapture(String name, Action action)&#xD;
[xUnit.net 00:01:18.89]         E:\Project\Online-Sales-Management-System\Report Test subject\Powered by GPT\TestScript-Data\Automation\ui\OSMS.UITests\Tests\ReportingPublicInvoiceCoverageTests.cs(226,0): at OSMS.UITests.Tests.ReportingPublicInvoiceCoverageTests.CancellingInvoiceMarksItCancelledAndCreatesStockReturnMovement()&#xD;
[xUnit.net 00:01:18.89]            at System.RuntimeMethodHandle.InvokeMethod(Object target, Void** arguments, Signature sig, Boolean isConstructor)&#xD;
[xUnit.net 00:01:18.89]            at System.Reflection.MethodBaseInvoker.InvokeWithNoArgs(Object obj, BindingFlags invokeAttr)&#xD;
[xUnit.net 00:01:43.33]       Expected the server-side sale price to override the tampered client-posted UnitPrice, but the invoice create flow failed before the price check because of the known transaction defect.&#xD;
[xUnit.net 00:01:43.33]       Stack Trace:&#xD;
[xUnit.net 00:01:43.33]         E:\Project\Online-Sales-Management-System\Report Test subject\Powered by GPT\TestScript-Data\Automation\ui\OSMS.UITests\Tests\ReportingPublicInvoiceCoverageTests.cs(289,0): at OSMS.UITests.Tests.ReportingPublicInvoiceCoverageTests.&lt;InvoiceCreateDoesNotReachServerSidePriceVerificationBecauseCreateFlowFails&gt;b__9_0()&#xD;
[xUnit.net 00:01:43.33]         E:\Project\Online-Sales-Management-System\Report Test subject\Powered by GPT\TestScript-Data\Automation\ui\OSMS.UITests\Support\UiTestBase.cs(46,0): at OSMS.UITests.Support.UiTestBase.ExecuteWithFailureCapture(String name, Action action)&#xD;
[xUnit.net 00:01:43.33]         E:\Project\Online-Sales-Management-System\Report Test subject\Powered by GPT\TestScript-Data\Automation\ui\OSMS.UITests\Tests\ReportingPublicInvoiceCoverageTests.cs(262,0): at OSMS.UITests.Tests.ReportingPublicInvoiceCoverageTests.InvoiceCreateDoesNotReachServerSidePriceVerificationBecauseCreateFlowFails()&#xD;
[xUnit.net 00:01:43.33]            at System.RuntimeMethodHandle.InvokeMethod(Object target, Void** arguments, Signature sig, Boolean isConstructor)&#xD;
[xUnit.net 00:01:43.33]            at System.Reflection.MethodBaseInvoker.InvokeWithNoArgs(Object obj, BindingFlags invokeAttr)&#xD;
[xUnit.net 00:01:43.34]   Finished:    OSMS.UITests&#xD;
</StdOut>
    </Output>
    <RunInfos>
      <RunInfo computerName="ALUCARD" outcome="Error" timestamp="2026-04-11T14:58:04.1423324+07:00">
        <Text>[xUnit.net 00:00:13.86]     OSMS.UITests.Tests.ReportingPublicInvoiceCoverageTests.InvoiceCreateShowsWrongFailureWhenQuantityExceedsStock [FAIL]</Text>
      </RunInfo>
      <RunInfo computerName="ALUCARD" outcome="Error" timestamp="2026-04-11T14:59:09.1689455+07:00">
        <Text>[xUnit.net 00:01:18.89]     OSMS.UITests.Tests.ReportingPublicInvoiceCoverageTests.CancellingInvoiceMarksItCancelledAndCreatesStockReturnMovement [FAIL]</Text>
      </RunInfo>
      <RunInfo computerName="ALUCARD" outcome="Error" timestamp="2026-04-11T14:59:33.6147802+07:00">
        <Text>[xUnit.net 00:01:43.33]     OSMS.UITests.Tests.ReportingPublicInvoiceCoverageTests.InvoiceCreateDoesNotReachServerSidePriceVerificationBecauseCreateFlowFails [FAIL]</Text>
      </RunInfo>
    </RunInfos>
  </ResultSummary>
</TestRun>