<?xml version="1.0" encoding="utf-8"?>
<TestRun id="9a5c687d-3b1d-4cb9-a14d-ac9137af6ecb" name="Alucard30Dec@ALUCARD 2026-04-10 18:10:41" runUser="ALUCARD\Alucard30Dec" xmlns="http://microsoft.com/schemas/VisualStudio/TeamTest/2010">
  <Times creation="2026-04-10T18:10:41.5931667+07:00" queuing="2026-04-10T18:10:41.5931671+07:00" start="2026-04-10T18:10:29.2254815+07:00" finish="2026-04-10T18:10:41.5980686+07:00" />
  <TestSettings name="default" id="e8517aae-2aca-4387-9380-1640649a5791">
    <Deployment runDeploymentRoot="Alucard30Dec_ALUCARD_2026-04-10_18_10_41" />
  </TestSettings>
  <Results>
    <UnitTestResult executionId="702b471a-3570-4119-aae8-c5310f79868a" testId="93976be4-f8a7-a633-6b78-f4ffa98d6bb4" testName="OSMS.UITests.Tests.AdditionalCrudCoverageTests.CreateCustomerSucceedsWithValidInformation" computerName="ALUCARD" duration="00:00:11.5000719" startTime="2026-04-10T18:10:41.5036829+07:00" endTime="2026-04-10T18:10:41.5037092+07:00" testType="13cdc9d9-ddb5-4fa4-a97d-d965ccfc6d4b" outcome="Passed" testListId="8c84fa94-04c1-424b-9868-57a2d4851a1d" relativeResultsDirectory="702b471a-3570-4119-aae8-c5310f79868a" />
  </Results>
  <TestDefinitions>
    <UnitTest name="OSMS.UITests.Tests.AdditionalCrudCoverageTests.CreateCustomerSucceedsWithValidInformation" storage="e:\project\online-sales-management-system\report test subject\powered by gpt\testscript-data\automation\ui\osms.uitests\bin\debug\net8.0\osms.uitests.dll" id="93976be4-f8a7-a633-6b78-f4ffa98d6bb4">
      <Execution id="702b471a-3570-4119-aae8-c5310f79868a" />
      <TestMethod codeBase="E:\Project\Online-Sales-Management-System\Report Test subject\Powered by GPT\TestScript-Data\Automation\ui\OSMS.UITests\bin\Debug\net8.0\OSMS.UITests.dll" adapterTypeName="executor://xunit/VsTestRunner2/netcoreapp" className="OSMS.UITests.Tests.AdditionalCrudCoverageTests" name="CreateCustomerSucceedsWithValidInformation" />
    </UnitTest>
  </TestDefinitions>
  <TestEntries>
    <TestEntry testId="93976be4-f8a7-a633-6b78-f4ffa98d6bb4" executionId="702b471a-3570-4119-aae8-c5310f79868a" testListId="8c84fa94-04c1-424b-9868-57a2d4851a1d" />
  </TestEntries>
  <TestLists>
    <TestList name="Results Not in a List" id="8c84fa94-04c1-424b-9868-57a2d4851a1d" />
    <TestList name="All Loaded Results" id="19431567-8539-422a-85d7-44ee4e166bda" />
  </TestLists>
  <ResultSummary outcome="Completed">
    <Counters total="1" executed="1" passed="1" failed="0" error="0" timeout="0" aborted="0" inconclusive="0" passedButRunAborted="0" notRunnable="0" notExecuted="0" disconnected="0" warning="0" completed="0" inProgress="0" pending="0" />
    <Output>
      <StdOut>[xUnit.net 00:00:00.00] xUnit.net VSTest Adapter v2.5.3.1+6b60a9e56a (64-bit .NET 8.0.22)&#xD;
[xUnit.net 00:00:00.12]   Discovering: OSMS.UITests&#xD;
[xUnit.net 00:00:00.18]   Discovered:  OSMS.UITests&#xD;
[xUnit.net 00:00:00.19]   Starting:    OSMS.UITests&#xD;
[xUnit.net 00:00:11.74]   Finished:    OSMS.UITests&#xD;
</StdOut>
    </Output>
  </ResultSummary>
</TestRun>