<?xml version="1.0" encoding="utf-8"?>
<TestRun id="22333e22-b55e-44eb-9823-3c5e83a2f5aa" name="Alucard30Dec@ALUCARD 2026-04-10 17:25:46" runUser="ALUCARD\Alucard30Dec" xmlns="http://microsoft.com/schemas/VisualStudio/TeamTest/2010">
  <Times creation="2026-04-10T17:25:46.5725120+07:00" queuing="2026-04-10T17:25:46.5725124+07:00" start="2026-04-10T17:25:37.9866548+07:00" finish="2026-04-10T17:25:46.5803903+07:00" />
  <TestSettings name="default" id="3024258c-dae3-4138-a693-ba1494b14564">
    <Deployment runDeploymentRoot="Alucard30Dec_ALUCARD_2026-04-10_17_25_46" />
  </TestSettings>
  <Results>
    <UnitTestResult executionId="09cb51b3-9577-4365-9691-7673badbf9eb" testId="4405deb1-1977-7184-dc2a-18c23cf80836" testName="OSMS.UITests.Tests.ExtendedCoverageTests.ReportsPageNormalizesReversedDateRange" computerName="ALUCARD" duration="00:00:07.7350189" startTime="2026-04-10T17:25:46.4756470+07:00" endTime="2026-04-10T17:25:46.4756726+07:00" testType="13cdc9d9-ddb5-4fa4-a97d-d965ccfc6d4b" outcome="Passed" testListId="8c84fa94-04c1-424b-9868-57a2d4851a1d" relativeResultsDirectory="09cb51b3-9577-4365-9691-7673badbf9eb" />
  </Results>
  <TestDefinitions>
    <UnitTest name="OSMS.UITests.Tests.ExtendedCoverageTests.ReportsPageNormalizesReversedDateRange" storage="e:\project\online-sales-management-system\report test subject\powered by gpt\testscript-data\automation\ui\osms.uitests\bin\debug\net8.0\osms.uitests.dll" id="4405deb1-1977-7184-dc2a-18c23cf80836">
      <Execution id="09cb51b3-9577-4365-9691-7673badbf9eb" />
      <TestMethod codeBase="E:\Project\Online-Sales-Management-System\Report Test subject\Powered by GPT\TestScript-Data\Automation\ui\OSMS.UITests\bin\Debug\net8.0\OSMS.UITests.dll" adapterTypeName="executor://xunit/VsTestRunner2/netcoreapp" className="OSMS.UITests.Tests.ExtendedCoverageTests" name="ReportsPageNormalizesReversedDateRange" />
    </UnitTest>
  </TestDefinitions>
  <TestEntries>
    <TestEntry testId="4405deb1-1977-7184-dc2a-18c23cf80836" executionId="09cb51b3-9577-4365-9691-7673badbf9eb" testListId="8c84fa94-04c1-424b-9868-57a2d4851a1d" />
  </TestEntries>
  <TestLists>
    <TestList name="Results Not in a List" id="8c84fa94-04c1-424b-9868-57a2d4851a1d" />
    <TestList name="All Loaded Results" id="19431567-8539-422a-85d7-44ee4e166bda" />
  </TestLists>
  <ResultSummary outcome="Completed">
    <Counters total="1" executed="1" passed="1" failed="0" error="0" timeout="0" aborted="0" inconclusive="0" passedButRunAborted="0" notRunnable="0" notExecuted="0" disconnected="0" warning="0" completed="0" inProgress="0" pending="0" />
    <Output>
      <StdOut>[xUnit.net 00:00:00.00] xUnit.net VSTest Adapter v2.5.3.1+6b60a9e56a (64-bit .NET 8.0.22)&#xD;
[xUnit.net 00:00:00.11]   Discovering: OSMS.UITests&#xD;
[xUnit.net 00:00:00.17]   Discovered:  OSMS.UITests&#xD;
[xUnit.net 00:00:00.18]   Starting:    OSMS.UITests&#xD;
[xUnit.net 00:00:07.97]   Finished:    OSMS.UITests&#xD;
</StdOut>
    </Output>
  </ResultSummary>
</TestRun>