<?xml version="1.0" encoding="utf-8"?>
<TestRun id="8ecfdfd1-43e5-4325-bd54-b27841e75846" name="Alucard30Dec@ALUCARD 2026-04-06 12:39:02" runUser="ALUCARD\Alucard30Dec" xmlns="http://microsoft.com/schemas/VisualStudio/TeamTest/2010">
  <Times creation="2026-04-06T12:39:02.8558257+07:00" queuing="2026-04-06T12:39:02.8558265+07:00" start="2026-04-06T12:38:38.5088648+07:00" finish="2026-04-06T12:40:04.4821428+07:00" />
  <TestSettings name="default" id="87380d45-c050-4bf1-b793-c056acea4d19">
    <Deployment runDeploymentRoot="Alucard30Dec_ALUCARD_2026-04-06_12_39_02" />
  </TestSettings>
  <Results>
    <UnitTestResult executionId="d8b495d7-efcc-417b-ab16-4ed682a8e7f9" testId="0dadd6a6-7976-33bb-c30e-075cf40852a5" testName="OSMS.UITests.Tests.ProductImportTests.ProductImportPreviewShowsExpectedValidAndInvalidCounts" computerName="ALUCARD" duration="00:00:21.7698096" startTime="2026-04-06T12:39:24.6131505+07:00" endTime="2026-04-06T12:39:24.6131508+07:00" testType="13cdc9d9-ddb5-4fa4-a97d-d965ccfc6d4b" outcome="Failed" testListId="8c84fa94-04c1-424b-9868-57a2d4851a1d" relativeResultsDirectory="d8b495d7-efcc-417b-ab16-4ed682a8e7f9">
      <Output>
        <ErrorInfo>
          <Message>OpenQA.Selenium.WebDriverTimeoutException : Timed out after 15 seconds</Message>
          <StackTrace>   at OpenQA.Selenium.Support.UI.DefaultWait`1.ThrowTimeoutException(String exceptionMessage, Exception lastException)&#xD;
   at OpenQA.Selenium.Support.UI.DefaultWait`1.Until[TResult](Func`2 condition, CancellationToken token)&#xD;
   at OpenQA.Selenium.Support.UI.DefaultWait`1.Until[TResult](Func`2 condition)&#xD;
   at OSMS.UITests.Support.WaitHelper.UrlContains(String fragment) in E:\Project\Online-Sales-Management-System\Report Test subject\automation\ui\OSMS.UITests\Support\WaitHelper.cs:line 46&#xD;
   at OSMS.UITests.Pages.ProductImportPage.Open() in E:\Project\Online-Sales-Management-System\Report Test subject\automation\ui\OSMS.UITests\Pages\ProductImportPage.cs:line 19&#xD;
   at OSMS.UITests.Tests.ProductImportTests.&lt;ProductImportPreviewShowsExpectedValidAndInvalidCounts&gt;b__0_0() in E:\Project\Online-Sales-Management-System\Report Test subject\automation\ui\OSMS.UITests\Tests\ProductImportTests.cs:line 21&#xD;
   at OSMS.UITests.Support.UiTestBase.ExecuteWithFailureCapture(String name, Action action) in E:\Project\Online-Sales-Management-System\Report Test subject\automation\ui\OSMS.UITests\Support\UiTestBase.cs:line 36&#xD;
   at OSMS.UITests.Tests.ProductImportTests.ProductImportPreviewShowsExpectedValidAndInvalidCounts() in E:\Project\Online-Sales-Management-System\Report Test subject\automation\ui\OSMS.UITests\Tests\ProductImportTests.cs:line 13&#xD;
   at System.RuntimeMethodHandle.InvokeMethod(Object target, Void** arguments, Signature sig, Boolean isConstructor)&#xD;
   at System.Reflection.MethodBaseInvoker.InvokeWithNoArgs(Object obj, BindingFlags invokeAttr)</StackTrace>
        </ErrorInfo>
      </Output>
    </UnitTestResult>
    <UnitTestResult executionId="943c1b40-49f4-4cf8-8c97-59fb470af93f" testId="215efd62-1043-e191-8d79-eafeeeba5c9a" testName="OSMS.UITests.Tests.InvoiceFlowTests.PrivilegedUserCanCreateWalkInInvoice" computerName="ALUCARD" duration="00:00:23.5805976" startTime="2026-04-06T12:39:02.8267498+07:00" endTime="2026-04-06T12:39:02.8267743+07:00" testType="13cdc9d9-ddb5-4fa4-a97d-d965ccfc6d4b" outcome="Failed" testListId="8c84fa94-04c1-424b-9868-57a2d4851a1d" relativeResultsDirectory="943c1b40-49f4-4cf8-8c97-59fb470af93f">
      <Output>
        <ErrorInfo>
          <Message>OpenQA.Selenium.WebDriverTimeoutException : Timed out after 15 seconds</Message>
          <StackTrace>   at OpenQA.Selenium.Support.UI.DefaultWait`1.ThrowTimeoutException(String exceptionMessage, Exception lastException)&#xD;
   at OpenQA.Selenium.Support.UI.DefaultWait`1.Until[TResult](Func`2 condition, CancellationToken token)&#xD;
   at OpenQA.Selenium.Support.UI.DefaultWait`1.Until[TResult](Func`2 condition)&#xD;
   at OSMS.UITests.Support.WaitHelper.UrlContains(String fragment) in E:\Project\Online-Sales-Management-System\Report Test subject\automation\ui\OSMS.UITests\Support\WaitHelper.cs:line 46&#xD;
   at OSMS.UITests.Pages.InvoiceDetailsPage.WaitUntilLoaded() in E:\Project\Online-Sales-Management-System\Report Test subject\automation\ui\OSMS.UITests\Pages\InvoiceDetailsPage.cs:line 18&#xD;
   at OSMS.UITests.Tests.InvoiceFlowTests.&lt;PrivilegedUserCanCreateWalkInInvoice&gt;b__0_0() in E:\Project\Online-Sales-Management-System\Report Test subject\automation\ui\OSMS.UITests\Tests\InvoiceFlowTests.cs:line 28&#xD;
   at OSMS.UITests.Support.UiTestBase.ExecuteWithFailureCapture(String name, Action action) in E:\Project\Online-Sales-Management-System\Report Test subject\automation\ui\OSMS.UITests\Support\UiTestBase.cs:line 36&#xD;
   at OSMS.UITests.Tests.InvoiceFlowTests.PrivilegedUserCanCreateWalkInInvoice() in E:\Project\Online-Sales-Management-System\Report Test subject\automation\ui\OSMS.UITests\Tests\InvoiceFlowTests.cs:line 13&#xD;
   at System.RuntimeMethodHandle.InvokeMethod(Object target, Void** arguments, Signature sig, Boolean isConstructor)&#xD;
   at System.Reflection.MethodBaseInvoker.InvokeWithNoArgs(Object obj, BindingFlags invokeAttr)</StackTrace>
        </ErrorInfo>
      </Output>
    </UnitTestResult>
    <UnitTestResult executionId="c1d4311a-7fa9-4ba8-979f-45bfdb745296" testId="157dd9b6-18ed-21b1-bbb4-d8d36ce533c3" testName="OSMS.UITests.Tests.AuthenticationTests.SalesUserIsDeniedAccessToPurchases" computerName="ALUCARD" duration="00:00:21.8921366" startTime="2026-04-06T12:39:52.8700636+07:00" endTime="2026-04-06T12:39:52.8700637+07:00" testType="13cdc9d9-ddb5-4fa4-a97d-d965ccfc6d4b" outcome="Failed" testListId="8c84fa94-04c1-424b-9868-57a2d4851a1d" relativeResultsDirectory="c1d4311a-7fa9-4ba8-979f-45bfdb745296">
      <Output>
        <ErrorInfo>
          <Message>OpenQA.Selenium.WebDriverTimeoutException : Timed out after 15 seconds</Message>
          <StackTrace>   at OpenQA.Selenium.Support.UI.DefaultWait`1.ThrowTimeoutException(String exceptionMessage, Exception lastException)&#xD;
   at OpenQA.Selenium.Support.UI.DefaultWait`1.Until[TResult](Func`2 condition, CancellationToken token)&#xD;
   at OpenQA.Selenium.Support.UI.DefaultWait`1.Until[TResult](Func`2 condition)&#xD;
   at OSMS.UITests.Support.WaitHelper.UrlContains(String fragment) in E:\Project\Online-Sales-Management-System\Report Test subject\automation\ui\OSMS.UITests\Support\WaitHelper.cs:line 46&#xD;
   at OSMS.UITests.Pages.AccessDeniedPage.WaitUntilLoaded() in E:\Project\Online-Sales-Management-System\Report Test subject\automation\ui\OSMS.UITests\Pages\AccessDeniedPage.cs:line 17&#xD;
   at OSMS.UITests.Tests.AuthenticationTests.&lt;SalesUserIsDeniedAccessToPurchases&gt;b__1_0() in E:\Project\Online-Sales-Management-System\Report Test subject\automation\ui\OSMS.UITests\Tests\AuthenticationTests.cs:line 43&#xD;
   at OSMS.UITests.Support.UiTestBase.ExecuteWithFailureCapture(String name, Action action) in E:\Project\Online-Sales-Management-System\Report Test subject\automation\ui\OSMS.UITests\Support\UiTestBase.cs:line 36&#xD;
   at OSMS.UITests.Tests.AuthenticationTests.SalesUserIsDeniedAccessToPurchases() in E:\Project\Online-Sales-Management-System\Report Test subject\automation\ui\OSMS.UITests\Tests\AuthenticationTests.cs:line 33&#xD;
   at System.RuntimeMethodHandle.InvokeMethod(Object target, Void** arguments, Signature sig, Boolean isConstructor)&#xD;
   at System.Reflection.MethodBaseInvoker.InvokeWithNoArgs(Object obj, BindingFlags invokeAttr)</StackTrace>
        </ErrorInfo>
      </Output>
    </UnitTestResult>
    <UnitTestResult executionId="b0786c28-82a5-458e-8ade-797a56a7af7b" testId="5a0155b9-75cd-20c6-4de8-bc36123b5f0a" testName="OSMS.UITests.Tests.PurchaseFlowTests.PrivilegedUserCanCreateDraftPurchase" computerName="ALUCARD" duration="00:00:11.5434595" startTime="2026-04-06T12:40:04.4145572+07:00" endTime="2026-04-06T12:40:04.4145576+07:00" testType="13cdc9d9-ddb5-4fa4-a97d-d965ccfc6d4b" outcome="Passed" testListId="8c84fa94-04c1-424b-9868-57a2d4851a1d" relativeResultsDirectory="b0786c28-82a5-458e-8ade-797a56a7af7b" />
    <UnitTestResult executionId="3148cfc4-4248-46b0-977d-04c4012e37dd" testId="49fee3fc-ee78-fe11-cfe8-e364569ede47" testName="OSMS.UITests.Tests.AuthenticationTests.AdminLoginSmokeSucceeds" computerName="ALUCARD" duration="00:00:06.3606768" startTime="2026-04-06T12:39:30.9764291+07:00" endTime="2026-04-06T12:39:30.9764293+07:00" testType="13cdc9d9-ddb5-4fa4-a97d-d965ccfc6d4b" outcome="Passed" testListId="8c84fa94-04c1-424b-9868-57a2d4851a1d" relativeResultsDirectory="3148cfc4-4248-46b0-977d-04c4012e37dd" />
  </Results>
  <TestDefinitions>
    <UnitTest name="OSMS.UITests.Tests.PurchaseFlowTests.PrivilegedUserCanCreateDraftPurchase" storage="e:\project\online-sales-management-system\report test subject\automation\ui\osms.uitests\bin\debug\net8.0\osms.uitests.dll" id="5a0155b9-75cd-20c6-4de8-bc36123b5f0a">
      <Execution id="b0786c28-82a5-458e-8ade-797a56a7af7b" />
      <TestMethod codeBase="E:\Project\Online-Sales-Management-System\Report Test subject\automation\ui\OSMS.UITests\bin\Debug\net8.0\OSMS.UITests.dll" adapterTypeName="executor://xunit/VsTestRunner2/netcoreapp" className="OSMS.UITests.Tests.PurchaseFlowTests" name="PrivilegedUserCanCreateDraftPurchase" />
    </UnitTest>
    <UnitTest name="OSMS.UITests.Tests.AuthenticationTests.SalesUserIsDeniedAccessToPurchases" storage="e:\project\online-sales-management-system\report test subject\automation\ui\osms.uitests\bin\debug\net8.0\osms.uitests.dll" id="157dd9b6-18ed-21b1-bbb4-d8d36ce533c3">
      <Execution id="c1d4311a-7fa9-4ba8-979f-45bfdb745296" />
      <TestMethod codeBase="E:\Project\Online-Sales-Management-System\Report Test subject\automation\ui\OSMS.UITests\bin\Debug\net8.0\OSMS.UITests.dll" adapterTypeName="executor://xunit/VsTestRunner2/netcoreapp" className="OSMS.UITests.Tests.AuthenticationTests" name="SalesUserIsDeniedAccessToPurchases" />
    </UnitTest>
    <UnitTest name="OSMS.UITests.Tests.ProductImportTests.ProductImportPreviewShowsExpectedValidAndInvalidCounts" storage="e:\project\online-sales-management-system\report test subject\automation\ui\osms.uitests\bin\debug\net8.0\osms.uitests.dll" id="0dadd6a6-7976-33bb-c30e-075cf40852a5">
      <Execution id="d8b495d7-efcc-417b-ab16-4ed682a8e7f9" />
      <TestMethod codeBase="E:\Project\Online-Sales-Management-System\Report Test subject\automation\ui\OSMS.UITests\bin\Debug\net8.0\OSMS.UITests.dll" adapterTypeName="executor://xunit/VsTestRunner2/netcoreapp" className="OSMS.UITests.Tests.ProductImportTests" name="ProductImportPreviewShowsExpectedValidAndInvalidCounts" />
    </UnitTest>
    <UnitTest name="OSMS.UITests.Tests.InvoiceFlowTests.PrivilegedUserCanCreateWalkInInvoice" storage="e:\project\online-sales-management-system\report test subject\automation\ui\osms.uitests\bin\debug\net8.0\osms.uitests.dll" id="215efd62-1043-e191-8d79-eafeeeba5c9a">
      <Execution id="943c1b40-49f4-4cf8-8c97-59fb470af93f" />
      <TestMethod codeBase="E:\Project\Online-Sales-Management-System\Report Test subject\automation\ui\OSMS.UITests\bin\Debug\net8.0\OSMS.UITests.dll" adapterTypeName="executor://xunit/VsTestRunner2/netcoreapp" className="OSMS.UITests.Tests.InvoiceFlowTests" name="PrivilegedUserCanCreateWalkInInvoice" />
    </UnitTest>
    <UnitTest name="OSMS.UITests.Tests.AuthenticationTests.AdminLoginSmokeSucceeds" storage="e:\project\online-sales-management-system\report test subject\automation\ui\osms.uitests\bin\debug\net8.0\osms.uitests.dll" id="49fee3fc-ee78-fe11-cfe8-e364569ede47">
      <Execution id="3148cfc4-4248-46b0-977d-04c4012e37dd" />
      <TestMethod codeBase="E:\Project\Online-Sales-Management-System\Report Test subject\automation\ui\OSMS.UITests\bin\Debug\net8.0\OSMS.UITests.dll" adapterTypeName="executor://xunit/VsTestRunner2/netcoreapp" className="OSMS.UITests.Tests.AuthenticationTests" name="AdminLoginSmokeSucceeds" />
    </UnitTest>
  </TestDefinitions>
  <TestEntries>
    <TestEntry testId="0dadd6a6-7976-33bb-c30e-075cf40852a5" executionId="d8b495d7-efcc-417b-ab16-4ed682a8e7f9" testListId="8c84fa94-04c1-424b-9868-57a2d4851a1d" />
    <TestEntry testId="215efd62-1043-e191-8d79-eafeeeba5c9a" executionId="943c1b40-49f4-4cf8-8c97-59fb470af93f" testListId="8c84fa94-04c1-424b-9868-57a2d4851a1d" />
    <TestEntry testId="157dd9b6-18ed-21b1-bbb4-d8d36ce533c3" executionId="c1d4311a-7fa9-4ba8-979f-45bfdb745296" testListId="8c84fa94-04c1-424b-9868-57a2d4851a1d" />
    <TestEntry testId="5a0155b9-75cd-20c6-4de8-bc36123b5f0a" executionId="b0786c28-82a5-458e-8ade-797a56a7af7b" testListId="8c84fa94-04c1-424b-9868-57a2d4851a1d" />
    <TestEntry testId="49fee3fc-ee78-fe11-cfe8-e364569ede47" executionId="3148cfc4-4248-46b0-977d-04c4012e37dd" testListId="8c84fa94-04c1-424b-9868-57a2d4851a1d" />
  </TestEntries>
  <TestLists>
    <TestList name="Results Not in a List" id="8c84fa94-04c1-424b-9868-57a2d4851a1d" />
    <TestList name="All Loaded Results" id="19431567-8539-422a-85d7-44ee4e166bda" />
  </TestLists>
  <ResultSummary outcome="Failed">
    <Counters total="5" executed="5" passed="2" failed="3" error="0" timeout="0" aborted="0" inconclusive="0" passedButRunAborted="0" notRunnable="0" notExecuted="0" disconnected="0" warning="0" completed="0" inProgress="0" pending="0" />
    <Output>
      <StdOut>[xUnit.net 00:00:00.00] xUnit.net VSTest Adapter v2.5.3.1+6b60a9e56a (64-bit .NET 8.0.22)&#xD;
[xUnit.net 00:00:00.10]   Discovering: OSMS.UITests&#xD;
[xUnit.net 00:00:00.15]   Discovered:  OSMS.UITests&#xD;
[xUnit.net 00:00:00.16]   Starting:    OSMS.UITests&#xD;
[xUnit.net 00:00:23.79]       OpenQA.Selenium.WebDriverTimeoutException : Timed out after 15 seconds&#xD;
[xUnit.net 00:00:23.79]       Stack Trace:&#xD;
[xUnit.net 00:00:23.80]            at OpenQA.Selenium.Support.UI.DefaultWait`1.ThrowTimeoutException(String exceptionMessage, Exception lastException)&#xD;
[xUnit.net 00:00:23.80]            at OpenQA.Selenium.Support.UI.DefaultWait`1.Until[TResult](Func`2 condition, CancellationToken token)&#xD;
[xUnit.net 00:00:23.80]            at OpenQA.Selenium.Support.UI.DefaultWait`1.Until[TResult](Func`2 condition)&#xD;
[xUnit.net 00:00:23.80]         E:\Project\Online-Sales-Management-System\Report Test subject\automation\ui\OSMS.UITests\Support\WaitHelper.cs(46,0): at OSMS.UITests.Support.WaitHelper.UrlContains(String fragment)&#xD;
[xUnit.net 00:00:23.80]         E:\Project\Online-Sales-Management-System\Report Test subject\automation\ui\OSMS.UITests\Pages\InvoiceDetailsPage.cs(18,0): at OSMS.UITests.Pages.InvoiceDetailsPage.WaitUntilLoaded()&#xD;
[xUnit.net 00:00:23.80]         E:\Project\Online-Sales-Management-System\Report Test subject\automation\ui\OSMS.UITests\Tests\InvoiceFlowTests.cs(28,0): at OSMS.UITests.Tests.InvoiceFlowTests.&lt;PrivilegedUserCanCreateWalkInInvoice&gt;b__0_0()&#xD;
[xUnit.net 00:00:23.80]         E:\Project\Online-Sales-Management-System\Report Test subject\automation\ui\OSMS.UITests\Support\UiTestBase.cs(36,0): at OSMS.UITests.Support.UiTestBase.ExecuteWithFailureCapture(String name, Action action)&#xD;
[xUnit.net 00:00:23.80]         E:\Project\Online-Sales-Management-System\Report Test subject\automation\ui\OSMS.UITests\Tests\InvoiceFlowTests.cs(13,0): at OSMS.UITests.Tests.InvoiceFlowTests.PrivilegedUserCanCreateWalkInInvoice()&#xD;
[xUnit.net 00:00:23.80]            at System.RuntimeMethodHandle.InvokeMethod(Object target, Void** arguments, Signature sig, Boolean isConstructor)&#xD;
[xUnit.net 00:00:23.80]            at System.Reflection.MethodBaseInvoker.InvokeWithNoArgs(Object obj, BindingFlags invokeAttr)&#xD;
[xUnit.net 00:00:45.58]       OpenQA.Selenium.WebDriverTimeoutException : Timed out after 15 seconds&#xD;
[xUnit.net 00:00:45.58]       Stack Trace:&#xD;
[xUnit.net 00:00:45.58]            at OpenQA.Selenium.Support.UI.DefaultWait`1.ThrowTimeoutException(String exceptionMessage, Exception lastException)&#xD;
[xUnit.net 00:00:45.58]            at OpenQA.Selenium.Support.UI.DefaultWait`1.Until[TResult](Func`2 condition, CancellationToken token)&#xD;
[xUnit.net 00:00:45.58]            at OpenQA.Selenium.Support.UI.DefaultWait`1.Until[TResult](Func`2 condition)&#xD;
[xUnit.net 00:00:45.58]         E:\Project\Online-Sales-Management-System\Report Test subject\automation\ui\OSMS.UITests\Support\WaitHelper.cs(46,0): at OSMS.UITests.Support.WaitHelper.UrlContains(String fragment)&#xD;
[xUnit.net 00:00:45.58]         E:\Project\Online-Sales-Management-System\Report Test subject\automation\ui\OSMS.UITests\Pages\ProductImportPage.cs(19,0): at OSMS.UITests.Pages.ProductImportPage.Open()&#xD;
[xUnit.net 00:00:45.58]         E:\Project\Online-Sales-Management-System\Report Test subject\automation\ui\OSMS.UITests\Tests\ProductImportTests.cs(21,0): at OSMS.UITests.Tests.ProductImportTests.&lt;ProductImportPreviewShowsExpectedValidAndInvalidCounts&gt;b__0_0()&#xD;
[xUnit.net 00:00:45.58]         E:\Project\Online-Sales-Management-System\Report Test subject\automation\ui\OSMS.UITests\Support\UiTestBase.cs(36,0): at OSMS.UITests.Support.UiTestBase.ExecuteWithFailureCapture(String name, Action action)&#xD;
[xUnit.net 00:00:45.58]         E:\Project\Online-Sales-Management-System\Report Test subject\automation\ui\OSMS.UITests\Tests\ProductImportTests.cs(13,0): at OSMS.UITests.Tests.ProductImportTests.ProductImportPreviewShowsExpectedValidAndInvalidCounts()&#xD;
[xUnit.net 00:00:45.58]            at System.RuntimeMethodHandle.InvokeMethod(Object target, Void** arguments, Signature sig, Boolean isConstructor)&#xD;
[xUnit.net 00:00:45.58]            at System.Reflection.MethodBaseInvoker.InvokeWithNoArgs(Object obj, BindingFlags invokeAttr)&#xD;
[xUnit.net 00:01:13.84]       OpenQA.Selenium.WebDriverTimeoutException : Timed out after 15 seconds&#xD;
[xUnit.net 00:01:13.84]       Stack Trace:&#xD;
[xUnit.net 00:01:13.84]            at OpenQA.Selenium.Support.UI.DefaultWait`1.ThrowTimeoutException(String exceptionMessage, Exception lastException)&#xD;
[xUnit.net 00:01:13.84]            at OpenQA.Selenium.Support.UI.DefaultWait`1.Until[TResult](Func`2 condition, CancellationToken token)&#xD;
[xUnit.net 00:01:13.84]            at OpenQA.Selenium.Support.UI.DefaultWait`1.Until[TResult](Func`2 condition)&#xD;
[xUnit.net 00:01:13.84]         E:\Project\Online-Sales-Management-System\Report Test subject\automation\ui\OSMS.UITests\Support\WaitHelper.cs(46,0): at OSMS.UITests.Support.WaitHelper.UrlContains(String fragment)&#xD;
[xUnit.net 00:01:13.84]         E:\Project\Online-Sales-Management-System\Report Test subject\automation\ui\OSMS.UITests\Pages\AccessDeniedPage.cs(17,0): at OSMS.UITests.Pages.AccessDeniedPage.WaitUntilLoaded()&#xD;
[xUnit.net 00:01:13.84]         E:\Project\Online-Sales-Management-System\Report Test subject\automation\ui\OSMS.UITests\Tests\AuthenticationTests.cs(43,0): at OSMS.UITests.Tests.AuthenticationTests.&lt;SalesUserIsDeniedAccessToPurchases&gt;b__1_0()&#xD;
[xUnit.net 00:01:13.84]         E:\Project\Online-Sales-Management-System\Report Test subject\automation\ui\OSMS.UITests\Support\UiTestBase.cs(36,0): at OSMS.UITests.Support.UiTestBase.ExecuteWithFailureCapture(String name, Action action)&#xD;
[xUnit.net 00:01:13.84]         E:\Project\Online-Sales-Management-System\Report Test subject\automation\ui\OSMS.UITests\Tests\AuthenticationTests.cs(33,0): at OSMS.UITests.Tests.AuthenticationTests.SalesUserIsDeniedAccessToPurchases()&#xD;
[xUnit.net 00:01:13.84]            at System.RuntimeMethodHandle.InvokeMethod(Object target, Void** arguments, Signature sig, Boolean isConstructor)&#xD;
[xUnit.net 00:01:13.84]            at System.Reflection.MethodBaseInvoker.InvokeWithNoArgs(Object obj, BindingFlags invokeAttr)&#xD;
[xUnit.net 00:01:25.39]   Finished:    OSMS.UITests&#xD;
</StdOut>
    </Output>
    <RunInfos>
      <RunInfo computerName="ALUCARD" outcome="Error" timestamp="2026-04-06T12:39:02.8236837+07:00">
        <Text>[xUnit.net 00:00:23.79]     OSMS.UITests.Tests.InvoiceFlowTests.PrivilegedUserCanCreateWalkInInvoice [FAIL]</Text>
      </RunInfo>
      <RunInfo computerName="ALUCARD" outcome="Error" timestamp="2026-04-06T12:39:24.6127934+07:00">
        <Text>[xUnit.net 00:00:45.58]     OSMS.UITests.Tests.ProductImportTests.ProductImportPreviewShowsExpectedValidAndInvalidCounts [FAIL]</Text>
      </RunInfo>
      <RunInfo computerName="ALUCARD" outcome="Error" timestamp="2026-04-06T12:39:52.8699758+07:00">
        <Text>[xUnit.net 00:01:13.84]     OSMS.UITests.Tests.AuthenticationTests.SalesUserIsDeniedAccessToPurchases [FAIL]</Text>
      </RunInfo>
    </RunInfos>
  </ResultSummary>
</TestRun>